Component: ARM Compiler 5.06 update 5 (build 528) Tool: armlink [4d35e2]

==============================================================================

Section Cross References

    main.o(i.main) refers to ttask.o(i.tTaskSchedInit) for tTaskSchedInit
    main.o(i.main) refers to ttime.o(i.tTaskDelayInit) for tTaskDelayInit
    main.o(i.main) refers to ttimer.o(i.tTimerModuleInit) for tTimerModuleInit
    main.o(i.main) refers to app.o(i.initCpuUsageStat) for initCpuUsageStat
    main.o(i.main) refers to ttask.o(i.tTaskInit) for tTaskInit
    main.o(i.main) refers to ttask.o(i.tTask_HighPrio_Ready) for tTask_HighPrio_Ready
    main.o(i.main) refers to switch.o(i.tTaskRunFirst) for tTaskRunFirst
    main.o(i.main) refers to main.o(.bss) for idleEnv
    main.o(i.main) refers to app.o(i.idleTask_handler) for idleTask_handler
    main.o(i.main) refers to ttask.o(.data) for nextTask
    switch.o(.emb_text) refers to ttask.o(.data) for currentTask
    tbitmap.o(i.tBitmapGetFirstSet) refers to tbitmap.o(.constdata) for quickFindTable
    ttask.o(i.tTaskDeleteSelf) refers to ttask.o(i.tTask_Enter_Critical) for tTask_Enter_Critical
    ttask.o(i.tTaskDeleteSelf) refers to ttask.o(i.tTaskSchedRemove) for tTaskSchedRemove
    ttask.o(i.tTaskDeleteSelf) refers to ttask.o(i.tTaskSched) for tTaskSched
    ttask.o(i.tTaskDeleteSelf) refers to ttask.o(i.tTask_Exit_Critical) for tTask_Exit_Critical
    ttask.o(i.tTaskDeleteSelf) refers to ttask.o(.data) for currentTask
    ttask.o(i.tTaskForceDelete) refers to ttask.o(i.tTask_Enter_Critical) for tTask_Enter_Critical
    ttask.o(i.tTaskForceDelete) refers to ttime.o(i.tTimeTaskRemove) for tTimeTaskRemove
    ttask.o(i.tTaskForceDelete) refers to ttask.o(i.tTaskSchedRemove) for tTaskSchedRemove
    ttask.o(i.tTaskForceDelete) refers to ttask.o(i.tTaskSched) for tTaskSched
    ttask.o(i.tTaskForceDelete) refers to ttask.o(i.tTask_Exit_Critical) for tTask_Exit_Critical
    ttask.o(i.tTaskForceDelete) refers to ttask.o(.data) for currentTask
    ttask.o(i.tTaskGetInfo) refers to ttask.o(i.tTask_Enter_Critical) for tTask_Enter_Critical
    ttask.o(i.tTaskGetInfo) refers to ttask.o(i.tTask_Exit_Critical) for tTask_Exit_Critical
    ttask.o(i.tTaskInit) refers to rt_memclr_w.o(.text) for __aeabi_memclr4
    ttask.o(i.tTaskInit) refers to tlist.o(i.tNodeInit) for tNodeInit
    ttask.o(i.tTaskInit) refers to ttask.o(i.tTaskSchedRdy) for tTaskSchedRdy
    ttask.o(i.tTaskIsRequestDeleted) refers to ttask.o(i.tTask_Enter_Critical) for tTask_Enter_Critical
    ttask.o(i.tTaskIsRequestDeleted) refers to ttask.o(i.tTask_Exit_Critical) for tTask_Exit_Critical
    ttask.o(i.tTaskSched) refers to ttask.o(i.tTask_Enter_Critical) for tTask_Enter_Critical
    ttask.o(i.tTaskSched) refers to ttask.o(i.tTask_Exit_Critical) for tTask_Exit_Critical
    ttask.o(i.tTaskSched) refers to ttask.o(i.tTask_HighPrio_Ready) for tTask_HighPrio_Ready
    ttask.o(i.tTaskSched) refers to switch.o(i.tTaskSwitch) for tTaskSwitch
    ttask.o(i.tTaskSched) refers to ttask.o(.data) for tTaskLockSched
    ttask.o(i.tTaskSchedInit) refers to tbitmap.o(i.tBitmapInit) for tBitmapInit
    ttask.o(i.tTaskSchedInit) refers to tlist.o(i.tListInit) for tListInit
    ttask.o(i.tTaskSchedInit) refers to ttask.o(.data) for tTaskLockSched
    ttask.o(i.tTaskSchedInit) refers to ttask.o(.bss) for taskTable
    ttask.o(i.tTaskSchedRdy) refers to ttask.o(i.tTask_Enter_Critical) for tTask_Enter_Critical
    ttask.o(i.tTaskSchedRdy) refers to tlist.o(i.tListAddLast) for tListAddLast
    ttask.o(i.tTaskSchedRdy) refers to tbitmap.o(i.tBitmapSet) for tBitmapSet
    ttask.o(i.tTaskSchedRdy) refers to ttask.o(i.tTask_Exit_Critical) for tTask_Exit_Critical
    ttask.o(i.tTaskSchedRdy) refers to ttask.o(.bss) for taskTable
    ttask.o(i.tTaskSchedRdy) refers to ttask.o(.data) for bitmap
    ttask.o(i.tTaskSchedRemove) refers to tlist.o(i.tListRemove) for tListRemove
    ttask.o(i.tTaskSchedRemove) refers to tlist.o(i.tListCount) for tListCount
    ttask.o(i.tTaskSchedRemove) refers to tbitmap.o(i.tBitmapClear) for tBitmapClear
    ttask.o(i.tTaskSchedRemove) refers to ttask.o(.bss) for taskTable
    ttask.o(i.tTaskSchedRemove) refers to ttask.o(.data) for bitmap
    ttask.o(i.tTaskSchedUnRdy) refers to ttask.o(i.tTask_Enter_Critical) for tTask_Enter_Critical
    ttask.o(i.tTaskSchedUnRdy) refers to tlist.o(i.tListRemove) for tListRemove
    ttask.o(i.tTaskSchedUnRdy) refers to tlist.o(i.tListCount) for tListCount
    ttask.o(i.tTaskSchedUnRdy) refers to tbitmap.o(i.tBitmapClear) for tBitmapClear
    ttask.o(i.tTaskSchedUnRdy) refers to ttask.o(i.tTask_Exit_Critical) for tTask_Exit_Critical
    ttask.o(i.tTaskSchedUnRdy) refers to ttask.o(.bss) for taskTable
    ttask.o(i.tTaskSchedUnRdy) refers to ttask.o(.data) for bitmap
    ttask.o(i.tTaskSetDeleteRequest) refers to ttask.o(i.tTask_Enter_Critical) for tTask_Enter_Critical
    ttask.o(i.tTaskSetDeleteRequest) refers to ttask.o(i.tTask_Exit_Critical) for tTask_Exit_Critical
[...]
    tmemblock.o(i.tMemBlockNotify) refers to tevent.o(i.tEventWaitCount) for tEventWaitCount
    tmemblock.o(i.tMemBlockNotify) refers to tevent.o(i.tEventWake) for tEventWake
    tmemblock.o(i.tMemBlockNotify) refers to ttask.o(i.tTaskSched) for tTaskSched
    tmemblock.o(i.tMemBlockNotify) refers to tlist.o(i.tListCount) for tListCount
    tmemblock.o(i.tMemBlockNotify) refers to ttask.o(i.tTask_Exit_Critical) for tTask_Exit_Critical
    tmemblock.o(i.tMemBlockNotify) refers to tlist.o(i.tListAddLast) for tListAddLast
    tmemblock.o(i.tMemBlockNotify) refers to ttask.o(.data) for currentTask
    tmemblock.o(i.tMemBlockWait) refers to ttask.o(i.tTask_Enter_Critical) for tTask_Enter_Critical
    tmemblock.o(i.tMemBlockWait) refers to tlist.o(i.tListCount) for tListCount
    tmemblock.o(i.tMemBlockWait) refers to tlist.o(i.tListRemoveFirst) for tListRemoveFirst
    tmemblock.o(i.tMemBlockWait) refers to ttask.o(i.tTask_Exit_Critical) for tTask_Exit_Critical
    tmemblock.o(i.tMemBlockWait) refers to tevent.o(i.tEventWait) for tEventWait
    tmemblock.o(i.tMemBlockWait) refers to ttask.o(i.tTaskSched) for tTaskSched
    tmemblock.o(i.tMemBlockWait) refers to ttask.o(.data) for currentTask
    tflaggroup.o(i.tFlagGroupDestroy) refers to ttask.o(i.tTask_Enter_Critical) for tTask_Enter_Critical
    tflaggroup.o(i.tFlagGroupDestroy) refers to tevent.o(i.tEventRemoveAll) for tEventRemoveAll
    tflaggroup.o(i.tFlagGroupDestroy) refers to ttask.o(i.tTask_Exit_Critical) for tTask_Exit_Critical
    tflaggroup.o(i.tFlagGroupDestroy) refers to ttask.o(i.tTaskSched) for tTaskSched
    tflaggroup.o(i.tFlagGroupGetInfo) refers to ttask.o(i.tTask_Enter_Critical) for tTask_Enter_Critical
    tflaggroup.o(i.tFlagGroupGetInfo) refers to tevent.o(i.tEventWaitCount) for tEventWaitCount
    tflaggroup.o(i.tFlagGroupGetInfo) refers to ttask.o(i.tTask_Exit_Critical) for tTask_Exit_Critical
    tflaggroup.o(i.tFlagGroupInit) refers to tevent.o(i.tEventInit) for tEventInit
    tflaggroup.o(i.tFlagGroupNoWaitGet) refers to ttask.o(i.tTask_Enter_Critical) for tTask_Enter_Critical
    tflaggroup.o(i.tFlagGroupNoWaitGet) refers to tflaggroup.o(i.tFlagGroupCheckAndConsume) for tFlagGroupCheckAndConsume
    tflaggroup.o(i.tFlagGroupNoWaitGet) refers to ttask.o(i.tTask_Exit_Critical) for tTask_Exit_Critical
    tflaggroup.o(i.tFlagGroupNotify) refers to ttask.o(i.tTask_Enter_Critical) for tTask_Enter_Critical
    tflaggroup.o(i.tFlagGroupNotify) refers to tflaggroup.o(i.tFlagGroupCheckAndConsume) for tFlagGroupCheckAndConsume
    tflaggroup.o(i.tFlagGroupNotify) refers to tevent.o(i.tEventWake) for tEventWake
    tflaggroup.o(i.tFlagGroupNotify) refers to ttask.o(i.tTaskSched) for tTaskSched
    tflaggroup.o(i.tFlagGroupNotify) refers to ttask.o(i.tTask_Exit_Critical) for tTask_Exit_Critical
    tflaggroup.o(i.tFlagGroupWait) refers to ttask.o(i.tTask_Enter_Critical) for tTask_Enter_Critical
    tflaggroup.o(i.tFlagGroupWait) refers to tflaggroup.o(i.tFlagGroupCheckAndConsume) for tFlagGroupCheckAndConsume
    tflaggroup.o(i.tFlagGroupWait) refers to tevent.o(i.tEventWait) for tEventWait
    tflaggroup.o(i.tFlagGroupWait) refers to ttask.o(i.tTask_Exit_Critical) for tTask_Exit_Critical
    tflaggroup.o(i.tFlagGroupWait) refers to ttask.o(i.tTaskSched) for tTaskSched
    tflaggroup.o(i.tFlagGroupWait) refers to ttask.o(.data) for currentTask
    tmutex.o(i.tMutexDestroy) refers to ttask.o(i.tTask_Enter_Critical) for tTask_Enter_Critical
    tmutex.o(i.tMutexDestroy) refers to ttask.o(i.tTaskSchedUnRdy) for tTaskSchedUnRdy
    tmutex.o(i.tMutexDestroy) refers to ttask.o(i.tTaskSchedRdy) for tTaskSchedRdy
    tmutex.o(i.tMutexDestroy) refers to tevent.o(i.tEventRemoveAll) for tEventRemoveAll
    tmutex.o(i.tMutexDestroy) refers to ttask.o(i.tTaskSched) for tTaskSched
    tmutex.o(i.tMutexDestroy) refers to ttask.o(i.tTask_Exit_Critical) for tTask_Exit_Critical
    tmutex.o(i.tMutexGetInfo) refers to ttask.o(i.tTask_Enter_Critical) for tTask_Enter_Critical
    tmutex.o(i.tMutexGetInfo) refers to tevent.o(i.tEventWaitCount) for tEventWaitCount
    tmutex.o(i.tMutexGetInfo) refers to ttask.o(i.tTask_Exit_Critical) for tTask_Exit_Critical
    tmutex.o(i.tMutexInit) refers to tevent.o(i.tEventInit) for tEventInit
    tmutex.o(i.tMutexNoWaitGet) refers to ttask.o(i.tTask_Enter_Critical) for tTask_Enter_Critical
    tmutex.o(i.tMutexNoWaitGet) refers to ttask.o(i.tTask_Exit_Critical) for tTask_Exit_Critical
    tmutex.o(i.tMutexNoWaitGet) refers to ttask.o(.data) for currentTask
    tmutex.o(i.tMutexNotify) refers to ttask.o(i.tTask_Enter_Critical) for tTask_Enter_Critical
    tmutex.o(i.tMutexNotify) refers to ttask.o(i.tTask_Exit_Critical) for tTask_Exit_Critical
    tmutex.o(i.tMutexNotify) refers to ttask.o(i.tTaskSchedUnRdy) for tTaskSchedUnRdy
    tmutex.o(i.tMutexNotify) refers to ttask.o(i.tTaskSchedRdy) for tTaskSchedRdy
    tmutex.o(i.tMutexNotify) refers to tevent.o(i.tEventWaitCount) for tEventWaitCount
    tmutex.o(i.tMutexNotify) refers to tevent.o(i.tEventWake) for tEventWake
    tmutex.o(i.tMutexNotify) refers to ttask.o(i.tTaskSched) for tTaskSched
    tmutex.o(i.tMutexNotify) refers to ttask.o(.data) for currentTask
    tmutex.o(i.tMutexWait) refers to ttask.o(i.tTask_Enter_Critical) for tTask_Enter_Critical
    tmutex.o(i.tMutexWait) refers to ttask.o(i.tTask_Exit_Critical) for tTask_Exit_Critical
    tmutex.o(i.tMutexWait) refers to ttask.o(i.tTaskSchedUnRdy) for tTaskSchedUnRdy
    tmutex.o(i.tMutexWait) refers to ttask.o(i.tTaskSchedRdy) for tTaskSchedRdy
    tmutex.o(i.tMutexWait) refers to tevent.o(i.tEventWait) for tEventWait
    tmutex.o(i.tMutexWait) refers to ttask.o(i.tTaskSched) for tTaskSched
    tmutex.o(i.tMutexWait) refers to ttask.o(.data) for currentTask
    ttimer.o(i.tTimerCallFuncList) refers to tlist.o(i.tListRemove) for tListRemove
    ttimer.o(i.tTimerDestroy) refers to ttimer.o(i.tTimerStop) for tTimerStop
    ttimer.o(i.tTimerGetInfo) refers to ttask.o(i.tTask_Enter_Critical) for tTask_Enter_Critical
    ttimer.o(i.tTimerGetInfo) refers to ttask.o(i.tTask_Exit_Critical) for tTask_Exit_Critical
    ttimer.o(i.tTimerInit) refers to tlist.o(i.tNodeInit) for tNodeInit
    ttimer.o(i.tTimerInitTask) refers to ttask.o(i.tTaskInit) for tTaskInit
    ttimer.o(i.tTimerInitTask) refers to ttimer.o(.bss) for tTimerTaskStack
    ttimer.o(i.tTimerInitTask) refers to ttimer.o(i.tTimerSoftTask) for tTimerSoftTask
    ttimer.o(i.tTimerModuleInit) refers to tlist.o(i.tListInit) for tListInit
    ttimer.o(i.tTimerModuleInit) refers to tsem.o(i.tSemInit) for tSemInit
    ttimer.o(i.tTimerModuleInit) refers to ttask.o(i.tTaskInit) for tTaskInit
    ttimer.o(i.tTimerModuleInit) refers to ttimer.o(.bss) for tTimerHardList
    ttimer.o(i.tTimerModuleInit) refers to ttimer.o(i.tTimerSoftTask) for tTimerSoftTask
    ttimer.o(i.tTimerModuleTickNotify) refers to ttask.o(i.tTask_Enter_Critical) for tTask_Enter_Critical
    ttimer.o(i.tTimerModuleTickNotify) refers to ttimer.o(i.tTimerCallFuncList) for tTimerCallFuncList
    ttimer.o(i.tTimerModuleTickNotify) refers to ttask.o(i.tTask_Exit_Critical) for tTask_Exit_Critical
    ttimer.o(i.tTimerModuleTickNotify) refers to tsem.o(i.tSemNotify) for tSemNotify
    ttimer.o(i.tTimerModuleTickNotify) refers to ttimer.o(.bss) for tTimerHardList
    ttimer.o(i.tTimerSoftTask) refers to tsem.o(i.tSemWait) for tSemWait
    ttimer.o(i.tTimerSoftTask) refers to ttimer.o(i.tTimerCallFuncList) for tTimerCallFuncList
    ttimer.o(i.tTimerSoftTask) refers to tsem.o(i.tSemNotify) for tSemNotify
    ttimer.o(i.tTimerSoftTask) refers to ttimer.o(.bss) for tTimerTickSem
    ttimer.o(i.tTimerStart) refers to ttask.o(i.tTask_Enter_Critical) for tTask_Enter_Critical
    ttimer.o(i.tTimerStart) refers to tlist.o(i.tListAddFirst) for tListAddFirst
    ttimer.o(i.tTimerStart) refers to ttask.o(i.tTask_Exit_Critical) for tTask_Exit_Critical
    ttimer.o(i.tTimerStart) refers to tsem.o(i.tSemWait) for tSemWait
    ttimer.o(i.tTimerStart) refers to tsem.o(i.tSemNotify) for tSemNotify
    ttimer.o(i.tTimerStart) refers to ttimer.o(.bss) for tTimerHardList
    ttimer.o(i.tTimerStop) refers to ttask.o(i.tTask_Enter_Critical) for tTask_Enter_Critical
    ttimer.o(i.tTimerStop) refers to tlist.o(i.tListRemove) for tListRemove
    ttimer.o(i.tTimerStop) refers to ttask.o(i.tTask_Exit_Critical) for tTask_Exit_Critical
    ttimer.o(i.tTimerStop) refers to tsem.o(i.tSemWait) for tSemWait
    ttimer.o(i.tTimerStop) refers to tsem.o(i.tSemNotify) for tSemNotify
    ttimer.o(i.tTimerStop) refers to ttimer.o(.bss) for tTimerHardList
    startup_armcm3.o(STACK) refers (Special) to heapauxi.o(.text) for __use_two_region_memory
    startup_armcm3.o(HEAP) refers (Special) to heapauxi.o(.text) for __use_two_region_memory
    startup_armcm3.o(RESET) refers (Special) to heapauxi.o(.text) for __use_two_region_memory
    startup_armcm3.o(RESET) refers to startup_armcm3.o(STACK) for __initial_sp
    startup_armcm3.o(RESET) refers to startup_armcm3.o(.text) for Reset_Handler
    startup_armcm3.o(RESET) refers to switch.o(.emb_text) for PendSV_Handler
    startup_armcm3.o(RESET) refers to tcpu.o(i.SysTick_Handler) for SysTick_Handler
    startup_armcm3.o(.text) refers (Special) to heapauxi.o(.text) for __use_two_region_memory
    startup_armcm3.o(.text) refers to system_armcm3.o(i.SystemInit) for SystemInit
    startup_armcm3.o(.text) refers to __main.o(!!!main) for __main
    startup_armcm3.o(.text) refers to startup_armcm3.o(HEAP) for Heap_Mem
    startup_armcm3.o(.text) refers to startup_armcm3.o(STACK) for Stack_Mem
    system_armcm3.o(i.SystemCoreClockUpdate) refers to system_armcm3.o(.data) for SystemCoreClock
    system_armcm3.o(i.SystemInit) refers to startup_armcm3.o(RESET) for __Vectors
    system_armcm3.o(i.SystemInit) refers to system_armcm3.o(.data) for SystemCoreClock
    __main.o(!!!main) refers to __rtentry.o(.ARM.Collect$$rtentry$$00000000) for __rt_entry
    daddsub_clz.o(x$fpl$dadd) refers (Special) to usenofp.o(x$fpl$usenofp) for __I$use$fp
    daddsub_clz.o(x$fpl$dadd) refers to daddsub_clz.o(x$fpl$dsub) for _dsub1
    daddsub_clz.o(x$fpl$dadd) refers to dretinf.o(x$fpl$dretinf) for __fpl_dretinf
    daddsub_clz.o(x$fpl$dadd) refers to dnaninf.o(x$fpl$dnaninf) for __fpl_dnaninf
    daddsub_clz.o(x$fpl$drsb) refers (Special) to usenofp.o(x$fpl$usenofp) for __I$use$fp
    daddsub_clz.o(x$fpl$drsb) refers to daddsub_clz.o(x$fpl$dadd) for _dadd1
    daddsub_clz.o(x$fpl$drsb) refers to daddsub_clz.o(x$fpl$dsub) for _dsub1
    daddsub_clz.o(x$fpl$dsub) refers (Special) to usenofp.o(x$fpl$usenofp) for __I$use$fp
    daddsub_clz.o(x$fpl$dsub) refers to daddsub_clz.o(x$fpl$dadd) for _dadd1
    daddsub_clz.o(x$fpl$dsub) refers to dnaninf.o(x$fpl$dnaninf) for __fpl_dnaninf
    ddiv.o(x$fpl$drdiv) refers (Special) to usenofp.o(x$fpl$usenofp) for __I$use$fp
    ddiv.o(x$fpl$drdiv) refers to ddiv.o(x$fpl$ddiv) for ddiv_entry
    ddiv.o(x$fpl$ddiv) refers (Special) to usenofp.o(x$fpl$usenofp) for __I$use$fp
    ddiv.o(x$fpl$ddiv) refers to dretinf.o(x$fpl$dretinf) for __fpl_dretinf
    ddiv.o(x$fpl$ddiv) refers to dnaninf.o(x$fpl$dnaninf) for __fpl_dnaninf
    dflt_clz.o(x$fpl$dfltu) refers (Special) to usenofp.o(x$fpl$usenofp) for __I$use$fp
    dflt_clz.o(x$fpl$dflt) refers (Special) to usenofp.o(x$fpl$usenofp) for __I$use$fp
    dflt_clz.o(x$fpl$dfltn) refers (Special) to usenofp.o(x$fpl$usenofp) for __I$use$fp
    dmul.o(x$fpl$dmul) refers (Special) to usenofp.o(x$fpl$usenofp) for __I$use$fp
    dmul.o(x$fpl$dmul) refers to dretinf.o(x$fpl$dretinf) for __fpl_dretinf
    dmul.o(x$fpl$dmul) refers to dnaninf.o(x$fpl$dnaninf) for __fpl_dnaninf
    __rtentry.o(.ARM.Collect$$rtentry$$00000000) refers (Special) to __rtentry2.o(.ARM.Collect$$rtentry$$0000000A) for __rt_entry_li
    __rtentry.o(.ARM.Collect$$rtentry$$00000000) refers (Special) to __rtentry2.o(.ARM.Collect$$rtentry$$0000000D) for __rt_entry_main
    __rtentry.o(.ARM.Collect$$rtentry$$00000000) refers (Special) to __rtentry2.o(.ARM.Collect$$rtentry$$0000000C) for __rt_entry_postli_1
    __rtentry.o(.ARM.Collect$$rtentry$$00000000) refers (Special) to __rtentry2.o(.ARM.Collect$$rtentry$$00000009) for __rt_entry_postsh_1
    __rtentry.o(.ARM.Collect$$rtentry$$00000000) refers (Special) to __rtentry2.o(.ARM.Collect$$rtentry$$00000002) for __rt_entry_presh_1
    __rtentry.o(.ARM.Collect$$rtentry$$00000000) refers (Special) to __rtentry4.o(.ARM.Collect$$rtentry$$00000004) for __rt_entry_sh
    dnaninf.o(x$fpl$dnaninf) refers (Special) to usenofp.o(x$fpl$usenofp) for __I$use$fp
    dretinf.o(x$fpl$dretinf) refers (Special) to usenofp.o(x$fpl$usenofp) for __I$use$fp
    __rtentry2.o(.ARM.Collect$$rtentry$$00000008) refers to boardinit2.o(.text) for _platform_post_stackheap_init
    __rtentry2.o(.ARM.Collect$$rtentry$$0000000A) refers to libinit.o(.ARM.Collect$$libinit$$00000000) for __rt_lib_init
    __rtentry2.o(.ARM.Collect$$rtentry$$0000000B) refers to boardinit3.o(.text) for _platform_post_lib_init
    __rtentry2.o(.ARM.Collect$$rtentry$$0000000D) refers to main.o(i.main) for main
    __rtentry2.o(.ARM.Collect$$rtentry$$0000000D) refers to exit.o(.text) for exit
    __rtentry2.o(.ARM.exidx) refers to __rtentry2.o(.ARM.Collect$$rtentry$$00000001) for .ARM.Collect$$rtentry$$00000001
    __rtentry2.o(.ARM.exidx) refers to __rtentry2.o(.ARM.Collect$$rtentry$$00000008) for .ARM.Collect$$rtentry$$00000008
    __rtentry2.o(.ARM.exidx) refers to __rtentry2.o(.ARM.Collect$$rtentry$$0000000A) for .ARM.Collect$$rtentry$$0000000A
    __rtentry2.o(.ARM.exidx) refers to __rtentry2.o(.ARM.Collect$$rtentry$$0000000B) for .ARM.Collect$$rtentry$$0000000B
    __rtentry2.o(.ARM.exidx) refers to __rtentry2.o(.ARM.Collect$$rtentry$$0000000D) for .ARM.Collect$$rtentry$$0000000D
    __rtentry4.o(.ARM.Collect$$rtentry$$00000004) refers to sys_stackheap_outer.o(.text) for __user_setup_stackheap
    __rtentry4.o(.ARM.exidx) refers to __rtentry4.o(.ARM.Collect$$rtentry$$00000004) for .ARM.Collect$$rtentry$$00000004
    sys_stackheap_outer.o(.text) refers to libspace.o(.text) for __user_perproc_libspace
    sys_stackheap_outer.o(.text) refers to startup_armcm3.o(.text) for __user_initial_stackheap
    exit.o(.text) refers to rtexit.o(.ARM.Collect$$rtexit$$00000000) for __rt_exit
    libinit.o(.ARM.Collect$$libinit$$00000000) refers (Special) to libinit2.o(.ARM.Collect$$libinit$$0000002E) for __rt_lib_init_alloca_1
    libinit.o(.ARM.Collect$$libinit$$00000000) refers (Special) to libinit2.o(.ARM.Collect$$libinit$$0000002C) for __rt_lib_init_argv_1
    libinit.o(.ARM.Collect$$libinit$$00000000) refers (Special) to libinit2.o(.ARM.Collect$$libinit$$0000001B) for __rt_lib_init_atexit_1
    libinit.o(.ARM.Collect$$libinit$$00000000) refers (Special) to libinit2.o(.ARM.Collect$$libinit$$00000021) for __rt_lib_init_clock_1
    libinit.o(.ARM.Collect$$libinit$$00000000) refers (Special) to libinit2.o(.ARM.Collect$$libinit$$00000032) for __rt_lib_init_cpp_1
    libinit.o(.ARM.Collect$$libinit$$00000000) refers (Special) to libinit2.o(.ARM.Collect$$libinit$$00000030) for __rt_lib_init_exceptions_1
    libinit.o(.ARM.Collect$$libinit$$00000000) refers (Special) to libinit2.o(.ARM.Collect$$libinit$$00000002) for __rt_lib_init_fp_1
    libinit.o(.ARM.Collect$$libinit$$00000000) refers (Special) to libinit2.o(.ARM.Collect$$libinit$$0000001F) for __rt_lib_init_fp_trap_1
    libinit.o(.ARM.Collect$$libinit$$00000000) refers (Special) to libinit2.o(.ARM.Collect$$libinit$$00000023) for __rt_lib_init_getenv_1
    libinit.o(.ARM.Collect$$libinit$$00000000) refers (Special) to libinit2.o(.ARM.Collect$$libinit$$0000000A) for __rt_lib_init_heap_1
    libinit.o(.ARM.Collect$$libinit$$00000000) refers (Special) to libinit2.o(.ARM.Collect$$libinit$$00000011) for __rt_lib_init_lc_collate_1
    libinit.o(.ARM.Collect$$libinit$$00000000) refers (Special) to libinit2.o(.ARM.Collect$$libinit$$00000013) for __rt_lib_init_lc_ctype_1
    libinit.o(.ARM.Collect$$libinit$$00000000) refers (Special) to libinit2.o(.ARM.Collect$$libinit$$00000015) for __rt_lib_init_lc_monetary_1
    libinit.o(.ARM.Collect$$libinit$$00000000) refers (Special) to libinit2.o(.ARM.Collect$$libinit$$00000017) for __rt_lib_init_lc_numeric_1
    libinit.o(.ARM.Collect$$libinit$$00000000) refers (Special) to libinit2.o(.ARM.Collect$$libinit$$00000019) for __rt_lib_init_lc_time_1
    libinit.o(.ARM.Collect$$libinit$$00000000) refers (Special) to libinit2.o(.ARM.Collect$$libinit$$00000004) for __rt_lib_init_preinit_1
    libinit.o(.ARM.Collect$$libinit$$00000000) refers (Special) to libinit2.o(.ARM.Collect$$libinit$$0000000E) for __rt_lib_init_rand_1
    libinit.o(.ARM.Collect$$libinit$$00000000) refers (Special) to libinit2.o(.ARM.Collect$$libinit$$00000033) for __rt_lib_init_return
    libinit.o(.ARM.Collect$$libinit$$00000000) refers (Special) to libinit2.o(.ARM.Collect$$libinit$$0000001D) for __rt_lib_init_signal_1
    libinit.o(.ARM.Collect$$libinit$$00000000) refers (Special) to libinit2.o(.ARM.Collect$$libinit$$00000025) for __rt_lib_init_stdio_1
    libinit.o(.ARM.Collect$$libinit$$00000000) refers (Special) to libinit2.o(.ARM.Collect$$libinit$$0000000C) for __rt_lib_init_user_alloc_1
    libspace.o(.text) refers to libspace.o(.bss) for __libspace_start
    rtexit.o(.ARM.Collect$$rtexit$$00000000) refers (Special) to rtexit2.o(.ARM.Collect$$rtexit$$00000004) for __rt_exit_exit
    rtexit.o(.ARM.Collect$$rtexit$$00000000) refers (Special) to rtexit2.o(.ARM.Collect$$rtexit$$00000003) for __rt_exit_ls
    rtexit.o(.ARM.Collect$$rtexit$$00000000) refers (Special) to rtexit2.o(.ARM.Collect$$rtexit$$00000002) for __rt_exit_prels_1
    rtexit.o(.ARM.exidx) refers (Special) to rtexit2.o(.ARM.Collect$$rtexit$$00000004) for __rt_exit_exit
    rtexit.o(.ARM.exidx) refers (Special) to rtexit2.o(.ARM.Collect$$rtexit$$00000003) for __rt_exit_ls
    rtexit.o(.ARM.exidx) refers (Special) to rtexit2.o(.ARM.Collect$$rtexit$$00000002) for __rt_exit_prels_1
    rtexit.o(.ARM.exidx) refers to rtexit.o(.ARM.Collect$$rtexit$$00000000) for .ARM.Collect$$rtexit$$00000000
    libinit2.o(.ARM.Collect$$libinit$$00000010) refers to libinit2.o(.ARM.Collect$$libinit$$0000000F) for .ARM.Collect$$libinit$$0000000F
    libinit2.o(.ARM.Collect$$libinit$$00000012) refers to libinit2.o(.ARM.Collect$$libinit$$0000000F) for .ARM.Collect$$libinit$$0000000F
    libinit2.o(.ARM.Collect$$libinit$$00000014) refers to libinit2.o(.ARM.Collect$$libinit$$0000000F) for .ARM.Collect$$libinit$$0000000F
    libinit2.o(.ARM.Collect$$libinit$$00000016) refers to libinit2.o(.ARM.Collect$$libinit$$0000000F) for .ARM.Collect$$libinit$$0000000F
    libinit2.o(.ARM.Collect$$libinit$$00000018) refers to libinit2.o(.ARM.Collect$$libinit$$0000000F) for .ARM.Collect$$libinit$$0000000F
    libinit2.o(.ARM.Collect$$libinit$$00000026) refers to argv_veneer.o(.emb_text) for __ARM_argv_veneer
    libinit2.o(.ARM.Collect$$libinit$$00000027) refers to argv_veneer.o(.emb_text) for __ARM_argv_veneer
    rtexit2.o(.ARM.Collect$$rtexit$$00000003) refers to libshutdown.o(.ARM.Collect$$libshutdown$$00000000) for __rt_lib_shutdown
    rtexit2.o(.ARM.Collect$$rtexit$$00000004) refers to sys_exit.o(.text) for _sys_exit
    rtexit2.o(.ARM.exidx) refers to rtexit2.o(.ARM.Collect$$rtexit$$00000001) for .ARM.Collect$$rtexit$$00000001
    rtexit2.o(.ARM.exidx) refers to rtexit2.o(.ARM.Collect$$rtexit$$00000003) for .ARM.Collect$$rtexit$$00000003
    rtexit2.o(.ARM.exidx) refers to rtexit2.o(.ARM.Collect$$rtexit$$00000004) for .ARM.Collect$$rtexit$$00000004
    argv_veneer.o(.emb_text) refers to no_argv.o(.text) for __ARM_get_argv
    sys_exit.o(.text) refers (Special) to use_no_semi.o(.text) for __I$use$semihosting
    sys_exit.o(.text) refers (Special) to indicate_semi.o(.text) for __semihosting_library_function
    _get_argv_nomalloc.o(.text) refers (Special) to hrguard.o(.text) for __heap_region$guard
    _get_argv_nomalloc.o(.text) refers to defsig_rtmem_outer.o(.text) for __rt_SIGRTMEM
    _get_argv_nomalloc.o(.text) refers to sys_command.o(.text) for _sys_command_string
    libshutdown.o(.ARM.Collect$$libshutdown$$00000000) refers (Special) to libshutdown2.o(.ARM.Collect$$libshutdown$$00000002) for __rt_lib_shutdown_cpp_1
    libshutdown.o(.ARM.Collect$$libshutdown$$00000000) refers (Special) to libshutdown2.o(.ARM.Collect$$libshutdown$$00000007) for __rt_lib_shutdown_fp_trap_1
    libshutdown.o(.ARM.Collect$$libshutdown$$00000000) refers (Special) to libshutdown2.o(.ARM.Collect$$libshutdown$$0000000F) for __rt_lib_shutdown_heap_1
    libshutdown.o(.ARM.Collect$$libshutdown$$00000000) refers (Special) to libshutdown2.o(.ARM.Collect$$libshutdown$$00000010) for __rt_lib_shutdown_return
    libshutdown.o(.ARM.Collect$$libshutdown$$00000000) refers (Special) to libshutdown2.o(.ARM.Collect$$libshutdown$$0000000A) for __rt_lib_shutdown_signal_1
    libshutdown.o(.ARM.Collect$$libshutdown$$00000000) refers (Special) to libshutdown2.o(.ARM.Collect$$libshutdown$$00000004) for __rt_lib_shutdown_stdio_1
    libshutdown.o(.ARM.Collect$$libshutdown$$00000000) refers (Special) to libshutdown2.o(.ARM.Collect$$libshutdown$$0000000C) for __rt_lib_shutdown_user_alloc_1
    sys_command.o(.text) refers (Special) to use_no_semi.o(.text) for __I$use$semihosting
    sys_command.o(.text) refers (Special) to indicate_semi.o(.text) for __semihosting_library_function
    defsig_rtmem_outer.o(.text) refers to defsig_rtmem_inner.o(.text) for __rt_SIGRTMEM_inner
    defsig_rtmem_outer.o(.text) refers to defsig_exit.o(.text) for __sig_exit
    defsig_rtmem_formal.o(.text) refers to rt_raise.o(.text) for __rt_raise
    rt_raise.o(.text) refers to __raise.o(.text) for __raise
    rt_raise.o(.text) refers to sys_exit.o(.text) for _sys_exit
    defsig_exit.o(.text) refers to sys_exit.o(.text) for _sys_exit
    defsig_rtmem_inner.o(.text) refers to defsig_general.o(.text) for __default_signal_display
    __raise.o(.text) refers to defsig.o(CL$$defsig) for __default_signal_handler
    defsig_general.o(.text) refers to sys_wrch.o(.text) for _ttywrch
    sys_wrch.o(.text) refers (Special) to use_no_semi.o(.text) for __I$use$semihosting
    sys_wrch.o(.text) refers (Special) to indicate_semi.o(.text) for __semihosting_library_function
    defsig.o(CL$$defsig) refers to defsig_rtmem_inner.o(.text) for __rt_SIGRTMEM_inner
    defsig_abrt_inner.o(.text) refers to defsig_general.o(.text) for __default_signal_display
    defsig_fpe_inner.o(.text) refers to defsig_general.o(.text) for __default_signal_display
    defsig_rtred_inner.o(.text) refers to defsig_general.o(.text) for __default_signal_display
    defsig_stak_inner.o(.text) refers to defsig_general.o(.text) for __default_signal_display
    defsig_pvfn_inner.o(.text) refers to defsig_general.o(.text) for __default_signal_display
    defsig_cppl_inner.o(.text) refers to defsig_general.o(.text) for __default_signal_display
    defsig_segv_inner.o(.text) refers to defsig_general.o(.text) for __default_signal_display
    defsig_other.o(.text) refers to defsig_general.o(.text) for __default_signal_display


==============================================================================

Removing Unused input sections from the image.

    Removing main.o(.rev16_text), (4 bytes).
    Removing main.o(.revsh_text), (4 bytes).
    Removing main.o(.rrx_text), (6 bytes).
    Removing switch.o(.rev16_text), (4 bytes).
    Removing switch.o(.revsh_text), (4 bytes).
    Removing switch.o(.rrx_text), (6 bytes).
    Removing tbitmap.o(i.tBitmapLength), (4 bytes).
    Removing tlist.o(i.tListAddFirst), (24 bytes).
    Removing tlist.o(i.tListInsertAfter), (20 bytes).
    Removing tlist.o(i.tListLast), (12 bytes).
    Removing tlist.o(i.tListNext), (16 bytes).
    Removing tlist.o(i.tListPre), (16 bytes).
    Removing tlist.o(i.tListRemoveAll), (34 bytes).
    Removing tlist.o(i.tListRemoveLast), (24 bytes).
    Removing ttask.o(.rev16_text), (4 bytes).
    Removing ttask.o(.revsh_text), (4 bytes).
    Removing ttask.o(.rrx_text), (6 bytes).
    Removing ttask.o(i.tTaskDeleteSelf), (56 bytes).
    Removing ttask.o(i.tTaskForceDelete), (80 bytes).
    Removing ttask.o(i.tTaskGetInfo), (84 bytes).
    Removing ttask.o(i.tTaskIsRequestDeleted), (26 bytes).
    Removing ttask.o(i.tTaskSchedRemove), (68 bytes).
    Removing ttask.o(i.tTaskSetCleanCallFunc), (6 bytes).
    Removing ttask.o(i.tTaskSetDeleteRequest), (24 bytes).
    Removing ttask.o(i.tTaskSuspend), (68 bytes).
    Removing ttask.o(i.tTaskWakeSuspend), (54 bytes).
    Removing ttime.o(i.tTimeTaskRemove), (20 bytes).
    Removing tcpu.o(.rev16_text), (4 bytes).
    Removing tcpu.o(.revsh_text), (4 bytes).
    Removing tcpu.o(.rrx_text), (6 bytes).
    Removing app.o(i.timerFunc), (12 bytes).
    Removing tevent.o(i.tEventRemoveAll), (100 bytes).
    Removing tsem.o(i.tSemDestroy), (44 bytes).
    Removing tsem.o(i.tSemGetInfo), (36 bytes).
    Removing tsem.o(i.tSemNoWaitGet), (40 bytes).
    Removing tmailbox.o(i.tMboxDestory), (38 bytes).
    Removing tmailbox.o(i.tMboxFlush), (34 bytes).
    Removing tmailbox.o(i.tMboxGetInfo), (36 bytes).
    Removing tmailbox.o(i.tMboxInit), (32 bytes).
    Removing tmailbox.o(i.tMboxNoWaitGet), (68 bytes).
    Removing tmailbox.o(i.tMboxNotify), (156 bytes).
    Removing tmailbox.o(i.tMboxWait), (108 bytes).
    Removing tmemblock.o(i.tMemBlockDestroy), (38 bytes).
    Removing tmemblock.o(i.tMemBlockInfoGet), (46 bytes).
    Removing tmemblock.o(i.tMemBlockInit), (80 bytes).
    Removing tmemblock.o(i.tMemBlockNoWaitGet), (52 bytes).
    Removing tmemblock.o(i.tMemBlockNotify), (108 bytes).
    Removing tmemblock.o(i.tMemBlockWait), (92 bytes).
    Removing tflaggroup.o(i.tFlagGroupCheckAndConsume), (86 bytes).
    Removing tflaggroup.o(i.tFlagGroupDestroy), (38 bytes).
    Removing tflaggroup.o(i.tFlagGroupGetInfo), (32 bytes).
    Removing tflaggroup.o(i.tFlagGroupInit), (20 bytes).
    Removing tflaggroup.o(i.tFlagGroupNoWaitGet), (48 bytes).
    Removing tflaggroup.o(i.tFlagGroupNotify), (136 bytes).
    Removing tflaggroup.o(i.tFlagGroupWait), (116 bytes).
    Removing tmutex.o(i.tMutexDestroy), (92 bytes).
    Removing tmutex.o(i.tMutexGetInfo), (58 bytes).
    Removing tmutex.o(i.tMutexInit), (26 bytes).
    Removing tmutex.o(i.tMutexNoWaitGet), (80 bytes).
    Removing tmutex.o(i.tMutexNotify), (184 bytes).
    Removing tmutex.o(i.tMutexWait), (180 bytes).
    Removing ttimer.o(i.tTimerDestroy), (18 bytes).
    Removing ttimer.o(i.tTimerGetInfo), (46 bytes).
    Removing ttimer.o(i.tTimerInit), (56 bytes).
    Removing ttimer.o(i.tTimerInitTask), (44 bytes).
    Removing ttimer.o(i.tTimerStart), (108 bytes).
    Removing ttimer.o(i.tTimerStop), (100 bytes).
    Removing system_armcm3.o(.rev16_text), (4 bytes).
    Removing system_armcm3.o(.revsh_text), (4 bytes).
    Removing system_armcm3.o(.rrx_text), (6 bytes).
    Removing system_armcm3.o(i.SystemCoreClockUpdate), (16 bytes).

71 unused section(s) (total 3310 bytes) removed from the image.

==============================================================================

Image Symbol Table

    Local Symbols

    Symbol Name                              Value     Ov Type        Size  Object(Section)

    RESET                                    0x00000000   Section      192  startup_armcm3.o(RESET)
    ../clib/angel/boardlib.s                 0x00000000   Number         0  boardinit1.o ABSOLUTE
    ../clib/angel/boardlib.s                 0x00000000   Number         0  boardinit2.o ABSOLUTE
    ../clib/angel/boardlib.s                 0x00000000   Number         0  boardinit3.o ABSOLUTE
    ../clib/angel/boardlib.s                 0x00000000   Number         0  boardshut.o ABSOLUTE
    ../clib/angel/handlers.s                 0x00000000   Number         0  __scatter_copy.o ABSOLUTE
    ../clib/angel/handlers.s                 0x00000000   Number         0  __scatter_zi.o ABSOLUTE
    ../clib/angel/kernel.s                   0x00000000   Number         0  __rtentry4.o ABSOLUTE
    ../clib/angel/kernel.s                   0x00000000   Number         0  __rtentry.o ABSOLUTE
    ../clib/angel/kernel.s                   0x00000000   Number         0  rtexit2.o ABSOLUTE
    ../clib/angel/kernel.s                   0x00000000   Number         0  __rtentry2.o ABSOLUTE
    ../clib/angel/kernel.s                   0x00000000   Number         0  rtexit.o ABSOLUTE
    ../clib/angel/rt.s                       0x00000000   Number         0  rt_raise.o ABSOLUTE
    ../clib/angel/scatter.s                  0x00000000   Number         0  __scatter.o ABSOLUTE
    ../clib/angel/startup.s                  0x00000000   Number         0  __main.o ABSOLUTE
    ../clib/angel/sys.s                      0x00000000   Number         0  indicate_semi.o ABSOLUTE
    ../clib/angel/sys.s                      0x00000000   Number         0  sys_stackheap_outer.o ABSOLUTE
    ../clib/angel/sys.s                      0x00000000   Number         0  use_no_semi.o ABSOLUTE
    ../clib/angel/sys.s                      0x00000000   Number         0  libspace.o ABSOLUTE
    ../clib/angel/sysapp.c                   0x00000000   Number         0  sys_wrch.o ABSOLUTE
    ../clib/angel/sysapp.c                   0x00000000   Number         0  sys_command.o ABSOLUTE
    ../clib/angel/sysapp.c                   0x00000000   Number         0  sys_exit.o ABSOLUTE
    ../clib/armsys.c                         0x00000000   Number         0  argv_veneer.o ABSOLUTE
    ../clib/armsys.c                         0x00000000   Number         0  no_argv.o ABSOLUTE
    ../clib/armsys.c                         0x00000000   Number         0  argv_veneer.o ABSOLUTE
    ../clib/armsys.c                         0x00000000   Number         0  _get_argv_nomalloc.o ABSOLUTE
    ../clib/heapalloc.c                      0x00000000   Number         0  hrguard.o ABSOLUTE
    ../clib/heapaux.c                        0x00000000   Number         0  heapauxi.o ABSOLUTE
    ../clib/libinit.s                        0x00000000   Number         0  libshutdown2.o ABSOLUTE
    ../clib/libinit.s                        0x00000000   Number         0  libinit2.o ABSOLUTE
    ../clib/libinit.s                        0x00000000   Number         0  libshutdown.o ABSOLUTE
    ../clib/libinit.s                        0x00000000   Number         0  libinit.o ABSOLUTE
    ../clib/memcpset.s                       0x00000000   Number         0  rt_memclr_w.o ABSOLUTE
    ../clib/signal.c                         0x00000000   Number         0  defsig_pvfn_inner.o ABSOLUTE
    ../clib/signal.c                         0x00000000   Number         0  defsig_other.o ABSOLUTE
    ../clib/signal.c                         0x00000000   Number         0  defsig_segv_inner.o ABSOLUTE
    ../clib/signal.c                         0x00000000   Number         0  defsig_rtred_inner.o ABSOLUTE
    ../clib/signal.c                         0x00000000   Number         0  defsig_fpe_inner.o ABSOLUTE
    ../clib/signal.c                         0x00000000   Number         0  defsig_abrt_inner.o ABSOLUTE
    ../clib/signal.c                         0x00000000   Number         0  defsig_general.o ABSOLUTE
    ../clib/signal.c                         0x00000000   Number         0  defsig_stak_inner.o ABSOLUTE
    ../clib/signal.c                         0x00000000   Number         0  defsig_exit.o ABSOLUTE
    ../clib/signal.c                         0x00000000   Number         0  defsig_rtmem_inner.o ABSOLUTE
    ../clib/signal.c                         0x00000000   Number         0  defsig_rtmem_formal.o ABSOLUTE
    ../clib/signal.c                         0x00000000   Number         0  defsig_rtmem_outer.o ABSOLUTE
    ../clib/signal.c                         0x00000000   Number         0  defsig_cppl_inner.o ABSOLUTE
    ../clib/signal.c                         0x00000000   Number         0  __raise.o ABSOLUTE
    ../clib/signal.s                         0x00000000   Number         0  defsig.o ABSOLUTE
    ../clib/stdlib.c                         0x00000000   Number         0  exit.o ABSOLUTE
    ../fplib/daddsub.s                       0x00000000   Number         0  daddsub_clz.o ABSOLUTE
    ../fplib/ddiv.s                          0x00000000   Number         0  ddiv.o ABSOLUTE
    ../fplib/dflt.s                          0x00000000   Number         0  dflt_clz.o ABSOLUTE
    ../fplib/dmul.s                          0x00000000   Number         0  dmul.o ABSOLUTE
    ../fplib/dnaninf.s                       0x00000000   Number         0  dnaninf.o ABSOLUTE
    ../fplib/dretinf.s                       0x00000000   Number         0  dretinf.o ABSOLUTE
    ../fplib/fpinit.s                        0x00000000   Number         0  fpinit.o ABSOLUTE
    ../fplib/usenofp.s                       0x00000000   Number         0  usenofp.o ABSOLUTE
    RTE\Device\ARMCM3\startup_ARMCM3.s       0x00000000   Number         0  startup_armcm3.o ABSOLUTE
    RTE\Device\ARMCM3\system_ARMCM3.c        0x00000000   Number         0  system_armcm3.o ABSOLUTE
    RTE\\Device\\ARMCM3\\system_ARMCM3.c     0x00000000   Number         0  system_armcm3.o ABSOLUTE
    Source\\main.c                           0x00000000   Number         0  main.o ABSOLUTE
    Source\\switch.c                         0x00000000   Number         0  switch.o ABSOLUTE
    Source\\tCpu.c                           0x00000000   Number         0  tcpu.o ABSOLUTE
    Source\\tTask.c                          0x00000000   Number         0  ttask.o ABSOLUTE
    Source\app.c                             0x00000000   Number         0  app.o ABSOLUTE
    Source\main.c                            0x00000000   Number         0  main.o ABSOLUTE
    Source\switch.c                          0x00000000   Number         0  switch.o ABSOLUTE
    Source\tBitmap.c                         0x00000000   Number         0  tbitmap.o ABSOLUTE
    Source\tCpu.c                            0x00000000   Number         0  tcpu.o ABSOLUTE
    Source\tEvent.c                          0x00000000   Number         0  tevent.o ABSOLUTE
    Source\tFlagGroup.c                      0x00000000   Number         0  tflaggroup.o ABSOLUTE
    Source\tList.c                           0x00000000   Number         0  tlist.o ABSOLUTE
    Source\tMailbox.c                        0x00000000   Number         0  tmailbox.o ABSOLUTE
    Source\tMemBlock.c                       0x00000000   Number         0  tmemblock.o ABSOLUTE
    Source\tMutex.c                          0x00000000   Number         0  tmutex.o ABSOLUTE
    Source\tSem.c                            0x00000000   Number         0  tsem.o ABSOLUTE
    Source\tTask.c                           0x00000000   Number         0  ttask.o ABSOLUTE
    Source\tTime.c                           0x00000000   Number         0  ttime.o ABSOLUTE
    Source\tTimer.c                          0x00000000   Number         0  ttimer.o ABSOLUTE
    dc.s                                     0x00000000   Number         0  dc.o ABSOLUTE
    !!!main                                  0x000000c0   Section        8  __main.o(!!!main)
    !!!scatter                               0x000000c8   Section       52  __scatter.o(!!!scatter)
    !!handler_copy                           0x000000fc   Section       26  __scatter_copy.o(!!handler_copy)
    !!handler_zi                             0x00000118   Section       28  __scatter_zi.o(!!handler_zi)
    .ARM.Collect$$libinit$$00000000          0x00000134   Section        2  libinit.o(.ARM.Collect$$libinit$$00000000)
    .ARM.Collect$$libinit$$00000002          0x00000136   Section        0  libinit2.o(.ARM.Collect$$libinit$$00000002)
    .ARM.Collect$$libinit$$00000004          0x00000136   Section        0  libinit2.o(.ARM.Collect$$libinit$$00000004)
    .ARM.Collect$$libinit$$0000000A          0x00000136   Section        0  libinit2.o(.ARM.Collect$$libinit$$0000000A)
    .ARM.Collect$$libinit$$0000000C          0x00000136   Section        0  libinit2.o(.ARM.Collect$$libinit$$0000000C)
    .ARM.Collect$$libinit$$0000000E          0x00000136   Section        0  libinit2.o(.ARM.Collect$$libinit$$0000000E)
    .ARM.Collect$$libinit$$00000011          0x00000136   Section        0  libinit2.o(.ARM.Collect$$libinit$$00000011)
    .ARM.Collect$$libinit$$00000013          0x00000136   Section        0  libinit2.o(.ARM.Collect$$libinit$$00000013)
    .ARM.Collect$$libinit$$00000015          0x00000136   Section        0  libinit2.o(.ARM.Collect$$libinit$$00000015)
    .ARM.Collect$$libinit$$00000017          0x00000136   Section        0  libinit2.o(.ARM.Collect$$libinit$$00000017)
    .ARM.Collect$$libinit$$00000019          0x00000136   Section        0  libinit2.o(.ARM.Collect$$libinit$$00000019)
    .ARM.Collect$$libinit$$0000001B          0x00000136   Section        0  libinit2.o(.ARM.Collect$$libinit$$0000001B)
    .ARM.Collect$$libinit$$0000001D          0x00000136   Section        0  libinit2.o(.ARM.Collect$$libinit$$0000001D)
    .ARM.Collect$$libinit$$0000001F          0x00000136   Section        0  libinit2.o(.ARM.Collect$$libinit$$0000001F)
    .ARM.Collect$$libinit$$00000021          0x00000136   Section        0  libinit2.o(.ARM.Collect$$libinit$$00000021)
    .ARM.Collect$$libinit$$00000023          0x00000136   Section        0  libinit2.o(.ARM.Collect$$libinit$$00000023)
    .ARM.Collect$$libinit$$00000025          0x00000136   Section        0  libinit2.o(.ARM.Collect$$libinit$$00000025)
    .ARM.Collect$$libinit$$0000002C          0x00000136   Section        0  libinit2.o(.ARM.Collect$$libinit$$0000002C)
    .ARM.Collect$$libinit$$0000002E          0x00000136   Section        0  libinit2.o(.ARM.Collect$$libinit$$0000002E)
    .ARM.Collect$$libinit$$00000030          0x00000136   Section        0  libinit2.o(.ARM.Collect$$libinit$$00000030)
    .ARM.Collect$$libinit$$00000032          0x00000136   Section        0  libinit2.o(.ARM.Collect$$libinit$$00000032)
    .ARM.Collect$$libinit$$00000033          0x00000136   Section        2  libinit2.o(.ARM.Collect$$libinit$$00000033)
    .ARM.Collect$$libshutdown$$00000000      0x00000138   Section        2  libshutdown.o(.ARM.Collect$$libshutdown$$00000000)
    .ARM.Collect$$libshutdown$$00000002      0x0000013a   Section        0  libshutdown2.o(.ARM.Collect$$libshutdown$$00000002)
    .ARM.Collect$$libshutdown$$00000004      0x0000013a   Section        0  libshutdown2.o(.ARM.Collect$$libshutdown$$00000004)
    .ARM.Collect$$libshutdown$$00000007      0x0000013a   Section        0  libshutdown2.o(.ARM.Collect$$libshutdown$$00000007)
    .ARM.Collect$$libshutdown$$0000000A      0x0000013a   Section        0  libshutdown2.o(.ARM.Collect$$libshutdown$$0000000A)
    .ARM.Collect$$libshutdown$$0000000C      0x0000013a   Section        0  libshutdown2.o(.ARM.Collect$$libshutdown$$0000000C)
    .ARM.Collect$$libshutdown$$0000000F      0x0000013a   Section        0  libshutdown2.o(.ARM.Collect$$libshutdown$$0000000F)
    .ARM.Collect$$libshutdown$$00000010      0x0000013a   Section        2  libshutdown2.o(.ARM.Collect$$libshutdown$$00000010)
    .ARM.Collect$$rtentry$$00000000          0x0000013c   Section        0  __rtentry.o(.ARM.Collect$$rtentry$$00000000)
    .ARM.Collect$$rtentry$$00000002          0x0000013c   Section        0  __rtentry2.o(.ARM.Collect$$rtentry$$00000002)
    .ARM.Collect$$rtentry$$00000004          0x0000013c   Section        6  __rtentry4.o(.ARM.Collect$$rtentry$$00000004)
    .ARM.Collect$$rtentry$$00000009          0x00000142   Section        0  __rtentry2.o(.ARM.Collect$$rtentry$$00000009)
    .ARM.Collect$$rtentry$$0000000A          0x00000142   Section        4  __rtentry2.o(.ARM.Collect$$rtentry$$0000000A)
    .ARM.Collect$$rtentry$$0000000C          0x00000146   Section        0  __rtentry2.o(.ARM.Collect$$rtentry$$0000000C)
    .ARM.Collect$$rtentry$$0000000D          0x00000146   Section        8  __rtentry2.o(.ARM.Collect$$rtentry$$0000000D)
    .ARM.Collect$$rtexit$$00000000           0x0000014e   Section        2  rtexit.o(.ARM.Collect$$rtexit$$00000000)
    .ARM.Collect$$rtexit$$00000002           0x00000150   Section        0  rtexit2.o(.ARM.Collect$$rtexit$$00000002)
    .ARM.Collect$$rtexit$$00000003           0x00000150   Section        4  rtexit2.o(.ARM.Collect$$rtexit$$00000003)
    .ARM.Collect$$rtexit$$00000004           0x00000154   Section        6  rtexit2.o(.ARM.Collect$$rtexit$$00000004)
    .emb_text                                0x0000015c   Section       52  switch.o(.emb_text)
    .text                                    0x00000190   Section       64  startup_armcm3.o(.text)
    .text                                    0x000001d0   Section       78  rt_memclr_w.o(.text)
    .text                                    0x0000021e   Section        0  heapauxi.o(.text)
    .text                                    0x00000224   Section       74  sys_stackheap_outer.o(.text)
    .text                                    0x0000026e   Section        0  exit.o(.text)
    .text                                    0x00000280   Section        8  libspace.o(.text)
    .text                                    0x00000288   Section        0  sys_exit.o(.text)
    .text                                    0x00000294   Section        2  use_no_semi.o(.text)
    .text                                    0x00000296   Section        0  indicate_semi.o(.text)
    i.SysTick_Handler                        0x00000296   Section        0  tcpu.o(i.SysTick_Handler)
    i.SystemInit                             0x000002a0   Section        0  system_armcm3.o(i.SystemInit)
    i.checkCpuUsage                          0x000002c0   Section        0  app.o(i.checkCpuUsage)
    i.cpuUsageSyncWithSysTick                0x00000358   Section        0  app.o(i.cpuUsageSyncWithSysTick)
    i.delay                                  0x00000368   Section        0  ttime.o(i.delay)
    i.idleTask_handler                       0x00000374   Section        0  app.o(i.idleTask_handler)
    i.initCpuUsageStat                       0x000003a8   Section        0  app.o(i.initCpuUsageStat)
    i.main                                   0x000003d8   Section        0  main.o(i.main)
    i.tBitmapClear                           0x00000428   Section        0  tbitmap.o(i.tBitmapClear)
    i.tBitmapGetFirstSet                     0x00000434   Section        0  tbitmap.o(i.tBitmapGetFirstSet)
    i.tBitmapInit                            0x00000464   Section        0  tbitmap.o(i.tBitmapInit)
    i.tBitmapSet                             0x0000046a   Section        0  tbitmap.o(i.tBitmapSet)
    i.tCpugetUsage                           0x00000478   Section        0  app.o(i.tCpugetUsage)
    i.tEventInit                             0x00000498   Section        0  tevent.o(i.tEventInit)
    i.tEventRemoveTask                       0x000004a8   Section        0  tevent.o(i.tEventRemoveTask)
    i.tEventWait                             0x000004e4   Section        0  tevent.o(i.tEventWait)
    i.tEventWaitCount                        0x00000530   Section        0  tevent.o(i.tEventWaitCount)
    i.tEventWake                             0x00000550   Section        0  tevent.o(i.tEventWake)
    i.tInitApp                               0x000005a4   Section        0  app.o(i.tInitApp)
    i.tListAddLast                           0x00000648   Section        0  tlist.o(i.tListAddLast)
    i.tListCount                             0x00000660   Section        0  tlist.o(i.tListCount)
    i.tListFirst                             0x00000666   Section        0  tlist.o(i.tListFirst)
    i.tListInit                              0x00000672   Section        0  tlist.o(i.tListInit)
    i.tListRemove                            0x0000067c   Section        0  tlist.o(i.tListRemove)
    i.tListRemoveFirst                       0x0000069c   Section        0  tlist.o(i.tListRemoveFirst)
    i.tNodeInit                              0x000006b6   Section        0  tlist.o(i.tNodeInit)
    i.tSemInit                               0x000006bc   Section        0  tsem.o(i.tSemInit)
    i.tSemNotify                             0x000006e4   Section        0  tsem.o(i.tSemNotify)
    i.tSemWait                               0x0000073c   Section        0  tsem.o(i.tSemWait)
    i.tTaskDelay                             0x00000784   Section        0  ttime.o(i.tTaskDelay)
    i.tTaskDelayInit                         0x000007b0   Section        0  ttime.o(i.tTaskDelayInit)
    i.tTaskInit                              0x000007c0   Section        0  ttask.o(i.tTaskInit)
    i.tTaskRunFirst                          0x0000089c   Section        0  switch.o(i.tTaskRunFirst)
    i.tTaskSched                             0x000008b8   Section        0  ttask.o(i.tTaskSched)
    i.tTaskSchedInit                         0x000008fc   Section        0  ttask.o(i.tTaskSchedInit)
    i.tTaskSchedRdy                          0x00000930   Section        0  ttask.o(i.tTaskSchedRdy)
    i.tTaskSchedUnRdy                        0x0000096c   Section        0  ttask.o(i.tTaskSchedUnRdy)
    i.tTaskSwitch                            0x000009bc   Section        0  switch.o(i.tTaskSwitch)
    i.tTaskSystemTickHandler                 0x000009cc   Section        0  ttask.o(i.tTaskSystemTickHandler)
    i.tTask_Enter_Critical                   0x00000a50   Section        0  ttask.o(i.tTask_Enter_Critical)
    i.tTask_Exit_Critical                    0x00000a5c   Section        0  ttask.o(i.tTask_Exit_Critical)
    i.tTask_HighPrio_Ready                   0x00000a68   Section        0  ttask.o(i.tTask_HighPrio_Ready)
    i.tTask_Sched_Disable                    0x00000a90   Section        0  ttask.o(i.tTask_Sched_Disable)
    i.tTask_Sched_Enable                     0x00000ab8   Section        0  ttask.o(i.tTask_Sched_Enable)
    i.tTask_Systick_config                   0x00000ae8   Section        0  tcpu.o(i.tTask_Systick_config)
    i.tTimeKeep                              0x00000b40   Section        0  ttime.o(i.tTimeKeep)
    i.tTimeTaskWait                          0x00000b80   Section        0  ttime.o(i.tTimeTaskWait)
    i.tTimeTaskWake                          0x00000bac   Section        0  ttime.o(i.tTimeTaskWake)
    i.tTimerCallFuncList                     0x00000bd4   Section        0  ttimer.o(i.tTimerCallFuncList)
    tTimerCallFuncList                       0x00000bd5   Thumb Code    72  ttimer.o(i.tTimerCallFuncList)
    i.tTimerModuleInit                       0x00000c1c   Section        0  ttimer.o(i.tTimerModuleInit)
    i.tTimerModuleTickNotify                 0x00000c78   Section        0  ttimer.o(i.tTimerModuleTickNotify)
    i.tTimerSoftTask                         0x00000c9c   Section        0  ttimer.o(i.tTimerSoftTask)
    tTimerSoftTask                           0x00000c9d   Thumb Code    32  ttimer.o(i.tTimerSoftTask)
    i.task1_handler                          0x00000cc8   Section        0  app.o(i.task1_handler)
    i.task2_handler                          0x00000cf4   Section        0  app.o(i.task2_handler)
    i.task3_handler                          0x00000d14   Section        0  app.o(i.task3_handler)
    i.task4_handler                          0x00000d44   Section        0  app.o(i.task4_handler)
    i.ticktop                                0x00000d74   Section        0  app.o(i.ticktop)
    x$fpl$dadd                               0x00000d84   Section      336  daddsub_clz.o(x$fpl$dadd)
    _dadd1                                   0x00000d95   Thumb Code     0  daddsub_clz.o(x$fpl$dadd)
    x$fpl$ddiv                               0x00000ed4   Section      688  ddiv.o(x$fpl$ddiv)
    ddiv_entry                               0x00000edb   Thumb Code     0  ddiv.o(x$fpl$ddiv)
    x$fpl$dfltu                              0x00001184   Section       38  dflt_clz.o(x$fpl$dfltu)
    x$fpl$dmul                               0x000011ac   Section      340  dmul.o(x$fpl$dmul)
    x$fpl$dnaninf                            0x00001300   Section      156  dnaninf.o(x$fpl$dnaninf)
    x$fpl$dretinf                            0x0000139c   Section       12  dretinf.o(x$fpl$dretinf)
    x$fpl$drsb                               0x000013a8   Section       22  daddsub_clz.o(x$fpl$drsb)
    x$fpl$dsub                               0x000013c0   Section      468  daddsub_clz.o(x$fpl$dsub)
    _dsub1                                   0x000013d1   Thumb Code     0  daddsub_clz.o(x$fpl$dsub)
    .constdata                               0x00001594   Section      256  tbitmap.o(.constdata)
    x$fpl$usenofp                            0x00001594   Section        0  usenofp.o(x$fpl$usenofp)
    quickFindTable                           0x00001594   Data         256  tbitmap.o(.constdata)
    .data                                    0x20000000   Section       20  ttask.o(.data)
    .data                                    0x20000018   Section       60  app.o(.data)
    enableCpuUsageState                      0x20000038   Data           4  app.o(.data)
    cpuUsage                                 0x20000040   Data           8  app.o(.data)
    .data                                    0x20000054   Section        4  system_armcm3.o(.data)
    .bss                                     0x20000058   Section     4176  main.o(.bss)
    .bss                                     0x200010a8   Section      384  ttask.o(.bss)
    .bss                                     0x20001228   Section       12  ttime.o(.bss)
    .bss                                     0x20001234   Section    16704  app.o(.bss)
    .bss                                     0x20005374   Section     4248  ttimer.o(.bss)
    tTimerHardList                           0x20005374   Data          12  ttimer.o(.bss)
    tTimerSoftList                           0x20005380   Data          12  ttimer.o(.bss)
    tTimerProtectSem                         0x2000538c   Data          24  ttimer.o(.bss)
    tTimerTickSem                            0x200053a4   Data          24  ttimer.o(.bss)
    tTimerTask                               0x200053bc   Data          80  ttimer.o(.bss)
    tTimerTaskStack                          0x2000540c   Data        4096  ttimer.o(.bss)
    .bss                                     0x2000640c   Section       96  libspace.o(.bss)
    HEAP                                     0x20006470   Section     3072  startup_armcm3.o(HEAP)
    Heap_Mem                                 0x20006470   Data        3072  startup_armcm3.o(HEAP)
    STACK                                    0x20007070   Section     1024  startup_armcm3.o(STACK)
    Stack_Mem                                0x20007070   Data        1024  startup_armcm3.o(STACK)
    __initial_sp                             0x20007470   Data           0  startup_armcm3.o(STACK)

    Global Symbols

    Symbol Name                              Value     Ov Type        Size  Object(Section)

    BuildAttributes$$THM_ISAv4$P$D$K$B$S$PE$A:L22UL41UL21$X:L11$S22US41US21$IEEE1$IW$USESV6$~STKCKD$USESV7$~SHL$OSPACE$ROPI$EBA8$UX$STANDARDLIB$REQ8$PRES8$EABIv2 0x00000000   Number         0  anon$$obj.o ABSOLUTE
    __ARM_use_no_argv                        0x00000000   Number         0  main.o ABSOLUTE
    __Vectors                                0x00000000   Data           4  startup_armcm3.o(RESET)
    __ARM_exceptions_init                     - Undefined Weak Reference
    __alloca_initialize                       - Undefined Weak Reference
    __arm_preinit_                            - Undefined Weak Reference
    __cpp_initialize__aeabi_                  - Undefined Weak Reference
    __cxa_finalize                            - Undefined Weak Reference
    __rt_locale                               - Undefined Weak Reference
    __sigvec_lookup                           - Undefined Weak Reference
    _atexit_init                              - Undefined Weak Reference
    _call_atexit_fns                          - Undefined Weak Reference
    _clock_init                               - Undefined Weak Reference
    _fp_trap_init                             - Undefined Weak Reference
    _fp_trap_shutdown                         - Undefined Weak Reference
    _get_lc_collate                           - Undefined Weak Reference
    _get_lc_ctype                             - Undefined Weak Reference
    _get_lc_monetary                          - Undefined Weak Reference
    _get_lc_numeric                           - Undefined Weak Reference
    _get_lc_time                              - Undefined Weak Reference
    _getenv_init                              - Undefined Weak Reference
    _handle_redirection                       - Undefined Weak Reference
    _init_alloc                               - Undefined Weak Reference
    _init_user_alloc                          - Undefined Weak Reference
    _initio                                   - Undefined Weak Reference
    _rand_init                                - Undefined Weak Reference
    _signal_finish                            - Undefined Weak Reference
    _signal_init                              - Undefined Weak Reference
    _terminate_alloc                          - Undefined Weak Reference
    _terminate_user_alloc                     - Undefined Weak Reference
    _terminateio                              - Undefined Weak Reference
    __Vectors_End                            0x000000c0   Data           0  startup_armcm3.o(RESET)
    __Vectors_Size                           0x000000c0   Number         0  startup_armcm3.o ABSOLUTE
    __main                                   0x000000c1   Thumb Code     8  __main.o(!!!main)
    __scatterload                            0x000000c9   Thumb Code     0  __scatter.o(!!!scatter)
    __scatterload_rt2                        0x000000c9   Thumb Code    44  __scatter.o(!!!scatter)
    __scatterload_rt2_thumb_only             0x000000c9   Thumb Code     0  __scatter.o(!!!scatter)
    __scatterload_null                       0x000000d7   Thumb Code     0  __scatter.o(!!!scatter)
    __scatterload_copy                       0x000000fd   Thumb Code    26  __scatter_copy.o(!!handler_copy)
    __scatterload_zeroinit                   0x00000119   Thumb Code    28  __scatter_zi.o(!!handler_zi)
    __rt_lib_init                            0x00000135   Thumb Code     0  libinit.o(.ARM.Collect$$libinit$$00000000)
    __rt_lib_init_alloca_1                   0x00000137   Thumb Code     0  libinit2.o(.ARM.Collect$$libinit$$0000002E)
    __rt_lib_init_argv_1                     0x00000137   Thumb Code     0  libinit2.o(.ARM.Collect$$libinit$$0000002C)
    __rt_lib_init_atexit_1                   0x00000137   Thumb Code     0  libinit2.o(.ARM.Collect$$libinit$$0000001B)
    __rt_lib_init_clock_1                    0x00000137   Thumb Code     0  libinit2.o(.ARM.Collect$$libinit$$00000021)
    __rt_lib_init_cpp_1                      0x00000137   Thumb Code     0  libinit2.o(.ARM.Collect$$libinit$$00000032)
    __rt_lib_init_exceptions_1               0x00000137   Thumb Code     0  libinit2.o(.ARM.Collect$$libinit$$00000030)
    __rt_lib_init_fp_1                       0x00000137   Thumb Code     0  libinit2.o(.ARM.Collect$$libinit$$00000002)
    __rt_lib_init_fp_trap_1                  0x00000137   Thumb Code     0  libinit2.o(.ARM.Collect$$libinit$$0000001F)
    __rt_lib_init_getenv_1                   0x00000137   Thumb Code     0  libinit2.o(.ARM.Collect$$libinit$$00000023)
    __rt_lib_init_heap_1                     0x00000137   Thumb Code     0  libinit2.o(.ARM.Collect$$libinit$$0000000A)
    __rt_lib_init_lc_collate_1               0x00000137   Thumb Code     0  libinit2.o(.ARM.Collect$$libinit$$00000011)
    __rt_lib_init_lc_ctype_1                 0x00000137   Thumb Code     0  libinit2.o(.ARM.Collect$$libinit$$00000013)
    __rt_lib_init_lc_monetary_1              0x00000137   Thumb Code     0  libinit2.o(.ARM.Collect$$libinit$$00000015)
    __rt_lib_init_lc_numeric_1               0x00000137   Thumb Code     0  libinit2.o(.ARM.Collect$$libinit$$00000017)
    __rt_lib_init_lc_time_1                  0x00000137   Thumb Code     0  libinit2.o(.ARM.Collect$$libinit$$00000019)
    __rt_lib_init_preinit_1                  0x00000137   Thumb Code     0  libinit2.o(.ARM.Collect$$libinit$$00000004)
    __rt_lib_init_rand_1                     0x00000137   Thumb Code     0  libinit2.o(.ARM.Collect$$libinit$$0000000E)
    __rt_lib_init_return                     0x00000137   Thumb Code     0  libinit2.o(.ARM.Collect$$libinit$$00000033)
    __rt_lib_init_signal_1                   0x00000137   Thumb Code     0  libinit2.o(.ARM.Collect$$libinit$$0000001D)
    __rt_lib_init_stdio_1                    0x00000137   Thumb Code     0  libinit2.o(.ARM.Collect$$libinit$$00000025)
    __rt_lib_init_user_alloc_1               0x00000137   Thumb Code     0  libinit2.o(.ARM.Collect$$libinit$$0000000C)
    __rt_lib_shutdown                        0x00000139   Thumb Code     0  libshutdown.o(.ARM.Collect$$libshutdown$$00000000)
    __rt_lib_shutdown_cpp_1                  0x0000013b   Thumb Code     0  libshutdown2.o(.ARM.Collect$$libshutdown$$00000002)
    __rt_lib_shutdown_fp_trap_1              0x0000013b   Thumb Code     0  libshutdown2.o(.ARM.Collect$$libshutdown$$00000007)
    __rt_lib_shutdown_heap_1                 0x0000013b   Thumb Code     0  libshutdown2.o(.ARM.Collect$$libshutdown$$0000000F)
    __rt_lib_shutdown_return                 0x0000013b   Thumb Code     0  libshutdown2.o(.ARM.Collect$$libshutdown$$00000010)
    __rt_lib_shutdown_signal_1               0x0000013b   Thumb Code     0  libshutdown2.o(.ARM.Collect$$libshutdown$$0000000A)
    __rt_lib_shutdown_stdio_1                0x0000013b   Thumb Code     0  libshutdown2.o(.ARM.Collect$$libshutdown$$00000004)
    __rt_lib_shutdown_user_alloc_1           0x0000013b   Thumb Code     0  libshutdown2.o(.ARM.Collect$$libshutdown$$0000000C)
    __rt_entry                               0x0000013d   Thumb Code     0  __rtentry.o(.ARM.Collect$$rtentry$$00000000)
    __rt_entry_presh_1                       0x0000013d   Thumb Code     0  __rtentry2.o(.ARM.Collect$$rtentry$$00000002)
    __rt_entry_sh                            0x0000013d   Thumb Code     0  __rtentry4.o(.ARM.Collect$$rtentry$$00000004)
    __rt_entry_li                            0x00000143   Thumb Code     0  __rtentry2.o(.ARM.Collect$$rtentry$$0000000A)
    __rt_entry_postsh_1                      0x00000143   Thumb Code     0  __rtentry2.o(.ARM.Collect$$rtentry$$00000009)
    __rt_entry_main                          0x00000147   Thumb Code     0  __rtentry2.o(.ARM.Collect$$rtentry$$0000000D)
    __rt_entry_postli_1                      0x00000147   Thumb Code     0  __rtentry2.o(.ARM.Collect$$rtentry$$0000000C)
    __rt_exit                                0x0000014f   Thumb Code     0  rtexit.o(.ARM.Collect$$rtexit$$00000000)
    __rt_exit_ls                             0x00000151   Thumb Code     0  rtexit2.o(.ARM.Collect$$rtexit$$00000003)
    __rt_exit_prels_1                        0x00000151   Thumb Code     0  rtexit2.o(.ARM.Collect$$rtexit$$00000002)
    __rt_exit_exit                           0x00000155   Thumb Code     0  rtexit2.o(.ARM.Collect$$rtexit$$00000004)
    PendSV_Handler                           0x0000015d   Thumb Code    42  switch.o(.emb_text)
    Reset_Handler                            0x00000191   Thumb Code     8  startup_armcm3.o(.text)
    NMI_Handler                              0x00000199   Thumb Code     2  startup_armcm3.o(.text)
    HardFault_Handler                        0x0000019b   Thumb Code     2  startup_armcm3.o(.text)
    MemManage_Handler                        0x0000019d   Thumb Code     2  startup_armcm3.o(.text)
    BusFault_Handler                         0x0000019f   Thumb Code     2  startup_armcm3.o(.text)
    UsageFault_Handler                       0x000001a1   Thumb Code     2  startup_armcm3.o(.text)
    SVC_Handler                              0x000001a3   Thumb Code     2  startup_armcm3.o(.text)
    DebugMon_Handler                         0x000001a5   Thumb Code     2  startup_armcm3.o(.text)
    AACI_IRQHandler                          0x000001ab   Thumb Code     0  startup_armcm3.o(.text)
    CAN_IRQHandler                           0x000001ab   Thumb Code     0  startup_armcm3.o(.text)
    CHLCD_IRQHandler                         0x000001ab   Thumb Code     0  startup_armcm3.o(.text)
    CLCD_IRQHandler                          0x000001ab   Thumb Code     0  startup_armcm3.o(.text)
    CPU_CLCD_IRQHandler                      0x000001ab   Thumb Code     0  startup_armcm3.o(.text)
    ENET_IRQHandler                          0x000001ab   Thumb Code     0  startup_armcm3.o(.text)
    FLEXRAY_IRQHandler                       0x000001ab   Thumb Code     0  startup_armcm3.o(.text)
    I2C_IRQHandler                           0x000001ab   Thumb Code     0  startup_armcm3.o(.text)
    LIN_IRQHandler                           0x000001ab   Thumb Code     0  startup_armcm3.o(.text)
    MCIA_IRQHandler                          0x000001ab   Thumb Code     0  startup_armcm3.o(.text)
    MCIB_IRQHandler                          0x000001ab   Thumb Code     0  startup_armcm3.o(.text)
    RTC_IRQHandler                           0x000001ab   Thumb Code     0  startup_armcm3.o(.text)
    SPI_IRQHandler                           0x000001ab   Thumb Code     0  startup_armcm3.o(.text)
    TIM0_IRQHandler                          0x000001ab   Thumb Code     0  startup_armcm3.o(.text)
    TIM2_IRQHandler                          0x000001ab   Thumb Code     0  startup_armcm3.o(.text)
    UART0_IRQHandler                         0x000001ab   Thumb Code     0  startup_armcm3.o(.text)
    UART1_IRQHandler                         0x000001ab   Thumb Code     0  startup_armcm3.o(.text)
    UART2_IRQHandler                         0x000001ab   Thumb Code     0  startup_armcm3.o(.text)
    UART3_IRQHandler                         0x000001ab   Thumb Code     0  startup_armcm3.o(.text)
    UART4_IRQHandler                         0x000001ab   Thumb Code     0  startup_armcm3.o(.text)
    USBDC_IRQHandler                         0x000001ab   Thumb Code     0  startup_armcm3.o(.text)
    USBHC_IRQHandler                         0x000001ab   Thumb Code     0  startup_armcm3.o(.text)
    WDT_IRQHandler                           0x000001ab   Thumb Code     0  startup_armcm3.o(.text)
    __user_initial_stackheap                 0x000001ad   Thumb Code    10  startup_armcm3.o(.text)
    __aeabi_memclr4                          0x000001d1   Thumb Code     0  rt_memclr_w.o(.text)
    __aeabi_memclr8                          0x000001d1   Thumb Code     0  rt_memclr_w.o(.text)
    __rt_memclr_w                            0x000001d1   Thumb Code    78  rt_memclr_w.o(.text)
    _memset_w                                0x000001d5   Thumb Code     0  rt_memclr_w.o(.text)
    __use_two_region_memory                  0x0000021f   Thumb Code     2  heapauxi.o(.text)
    __rt_heap_escrow$2region                 0x00000221   Thumb Code     2  heapauxi.o(.text)
    __rt_heap_expand$2region                 0x00000223   Thumb Code     2  heapauxi.o(.text)
    __user_setup_stackheap                   0x00000225   Thumb Code    74  sys_stackheap_outer.o(.text)
    exit                                     0x0000026f   Thumb Code    18  exit.o(.text)
    __user_libspace                          0x00000281   Thumb Code     8  libspace.o(.text)
    __user_perproc_libspace                  0x00000281   Thumb Code     0  libspace.o(.text)
    __user_perthread_libspace                0x00000281   Thumb Code     0  libspace.o(.text)
    _sys_exit                                0x00000289   Thumb Code     8  sys_exit.o(.text)
    __I$use$semihosting                      0x00000295   Thumb Code     0  use_no_semi.o(.text)
    __use_no_semihosting_swi                 0x00000295   Thumb Code     2  use_no_semi.o(.text)
    SysTick_Handler                          0x00000297   Thumb Code     8  tcpu.o(i.SysTick_Handler)
    __semihosting_library_function           0x00000297   Thumb Code     0  indicate_semi.o(.text)
    SystemInit                               0x000002a1   Thumb Code    14  system_armcm3.o(i.SystemInit)
    checkCpuUsage                            0x000002c1   Thumb Code   128  app.o(i.checkCpuUsage)
    cpuUsageSyncWithSysTick                  0x00000359   Thumb Code    12  app.o(i.cpuUsageSyncWithSysTick)
    delay                                    0x00000369   Thumb Code    12  ttime.o(i.delay)
    idleTask_handler                         0x00000375   Thumb Code    46  app.o(i.idleTask_handler)
    initCpuUsageStat                         0x000003a9   Thumb Code    28  app.o(i.initCpuUsageStat)
    main                                     0x000003d9   Thumb Code    62  main.o(i.main)
    tBitmapClear                             0x00000429   Thumb Code    12  tbitmap.o(i.tBitmapClear)
    tBitmapGetFirstSet                       0x00000435   Thumb Code    42  tbitmap.o(i.tBitmapGetFirstSet)
    tBitmapInit                              0x00000465   Thumb Code     6  tbitmap.o(i.tBitmapInit)
    tBitmapSet                               0x0000046b   Thumb Code    12  tbitmap.o(i.tBitmapSet)
    tCpugetUsage                             0x00000479   Thumb Code    26  app.o(i.tCpugetUsage)
    tEventInit                               0x00000499   Thumb Code    16  tevent.o(i.tEventInit)
    tEventRemoveTask                         0x000004a9   Thumb Code    54  tevent.o(i.tEventRemoveTask)
    tEventWait                               0x000004e5   Thumb Code    76  tevent.o(i.tEventWait)
    tEventWaitCount                          0x00000531   Thumb Code    30  tevent.o(i.tEventWaitCount)
    tEventWake                               0x00000551   Thumb Code    78  tevent.o(i.tEventWake)
    tInitApp                                 0x000005a5   Thumb Code   116  app.o(i.tInitApp)
    tListAddLast                             0x00000649   Thumb Code    24  tlist.o(i.tListAddLast)
    tListCount                               0x00000661   Thumb Code     6  tlist.o(i.tListCount)
    tListFirst                               0x00000667   Thumb Code    12  tlist.o(i.tListFirst)
    tListInit                                0x00000673   Thumb Code    10  tlist.o(i.tListInit)
    tListRemove                              0x0000067d   Thumb Code    32  tlist.o(i.tListRemove)
    tListRemoveFirst                         0x0000069d   Thumb Code    26  tlist.o(i.tListRemoveFirst)
    tNodeInit                                0x000006b7   Thumb Code     6  tlist.o(i.tNodeInit)
    tSemInit                                 0x000006bd   Thumb Code    40  tsem.o(i.tSemInit)
    tSemNotify                               0x000006e5   Thumb Code    82  tsem.o(i.tSemNotify)
    tSemWait                                 0x0000073d   Thumb Code    68  tsem.o(i.tSemWait)
    tTaskDelay                               0x00000785   Thumb Code    40  ttime.o(i.tTaskDelay)
    tTaskDelayInit                           0x000007b1   Thumb Code    10  ttime.o(i.tTaskDelayInit)
    tTaskInit                                0x000007c1   Thumb Code   218  ttask.o(i.tTaskInit)
    tTaskRunFirst                            0x0000089d   Thumb Code    24  switch.o(i.tTaskRunFirst)
    tTaskSched                               0x000008b9   Thumb Code    56  ttask.o(i.tTaskSched)
    tTaskSchedInit                           0x000008fd   Thumb Code    40  ttask.o(i.tTaskSchedInit)
    tTaskSchedRdy                            0x00000931   Thumb Code    50  ttask.o(i.tTaskSchedRdy)
    tTaskSchedUnRdy                          0x0000096d   Thumb Code    70  ttask.o(i.tTaskSchedUnRdy)
    tTaskSwitch                              0x000009bd   Thumb Code    10  switch.o(i.tTaskSwitch)
    tTaskSystemTickHandler                   0x000009cd   Thumb Code   122  ttask.o(i.tTaskSystemTickHandler)
    tTask_Enter_Critical                     0x00000a51   Thumb Code    12  ttask.o(i.tTask_Enter_Critical)
    tTask_Exit_Critical                      0x00000a5d   Thumb Code    10  ttask.o(i.tTask_Exit_Critical)
    tTask_HighPrio_Ready                     0x00000a69   Thumb Code    32  ttask.o(i.tTask_HighPrio_Ready)
    tTask_Sched_Disable                      0x00000a91   Thumb Code    34  ttask.o(i.tTask_Sched_Disable)
    tTask_Sched_Enable                       0x00000ab9   Thumb Code    42  ttask.o(i.tTask_Sched_Enable)
    tTask_Systick_config                     0x00000ae9   Thumb Code    74  tcpu.o(i.tTask_Systick_config)
    tTimeKeep                                0x00000b41   Thumb Code    58  ttime.o(i.tTimeKeep)
    tTimeTaskWait                            0x00000b81   Thumb Code    40  ttime.o(i.tTimeTaskWait)
    tTimeTaskWake                            0x00000bad   Thumb Code    36  ttime.o(i.tTimeTaskWake)
    tTimerModuleInit                         0x00000c1d   Thumb Code    62  ttimer.o(i.tTimerModuleInit)
    tTimerModuleTickNotify                   0x00000c79   Thumb Code    28  ttimer.o(i.tTimerModuleTickNotify)
    task1_handler                            0x00000cc9   Thumb Code    36  app.o(i.task1_handler)
    task2_handler                            0x00000cf5   Thumb Code    28  app.o(i.task2_handler)
    task3_handler                            0x00000d15   Thumb Code    44  app.o(i.task3_handler)
    task4_handler                            0x00000d45   Thumb Code    42  app.o(i.task4_handler)
    ticktop                                  0x00000d75   Thumb Code    12  app.o(i.ticktop)
    __aeabi_dadd                             0x00000d85   Thumb Code     0  daddsub_clz.o(x$fpl$dadd)
    _dadd                                    0x00000d85   Thumb Code   332  daddsub_clz.o(x$fpl$dadd)
    __aeabi_ddiv                             0x00000ed5   Thumb Code     0  ddiv.o(x$fpl$ddiv)
    _ddiv                                    0x00000ed5   Thumb Code   552  ddiv.o(x$fpl$ddiv)
    __aeabi_ui2d                             0x00001185   Thumb Code     0  dflt_clz.o(x$fpl$dfltu)
    _dfltu                                   0x00001185   Thumb Code    38  dflt_clz.o(x$fpl$dfltu)
    __aeabi_dmul                             0x000011ad   Thumb Code     0  dmul.o(x$fpl$dmul)
    _dmul                                    0x000011ad   Thumb Code   332  dmul.o(x$fpl$dmul)
    __fpl_dnaninf                            0x00001301   Thumb Code   156  dnaninf.o(x$fpl$dnaninf)
    __fpl_dretinf                            0x0000139d   Thumb Code    12  dretinf.o(x$fpl$dretinf)
    __aeabi_drsub                            0x000013a9   Thumb Code     0  daddsub_clz.o(x$fpl$drsb)
    _drsb                                    0x000013a9   Thumb Code    22  daddsub_clz.o(x$fpl$drsb)
    __aeabi_dsub                             0x000013c1   Thumb Code     0  daddsub_clz.o(x$fpl$dsub)
    _dsub                                    0x000013c1   Thumb Code   464  daddsub_clz.o(x$fpl$dsub)
    __I$use$fp                               0x00001594   Number         0  usenofp.o(x$fpl$usenofp)
    Region$$Table$$Base                      0x00001694   Number         0  anon$$obj.o(Region$$Table)
    Region$$Table$$Limit                     0x000016b4   Number         0  anon$$obj.o(Region$$Table)
    tTaskLockSched                           0x20000000   Data           1  ttask.o(.data)
    bitmap                                   0x20000004   Data           4  ttask.o(.data)
    currentTask                              0x20000008   Data           4  ttask.o(.data)
    nextTask                                 0x2000000c   Data           4  ttask.o(.data)
    idle                                     0x20000010   Data           4  ttask.o(.data)
    task1Flag                                0x20000018   Data           4  app.o(.data)
    usage                                    0x20000020   Data           8  app.o(.data)
    task2Flag                                0x20000028   Data           4  app.o(.data)
    value                                    0x2000002c   Data           4  app.o(.data)
    task3Flag                                0x20000030   Data           4  app.o(.data)
    task4Flag                                0x20000034   Data           4  app.o(.data)
    idleCount                                0x20000048   Data           4  app.o(.data)
    idleMaxCount                             0x2000004c   Data           4  app.o(.data)
    tickCount                                0x20000050   Data           4  app.o(.data)
    SystemCoreClock                          0x20000054   Data           4  system_armcm3.o(.data)
    idleTask                                 0x20000058   Data          80  main.o(.bss)
    idleEnv                                  0x200000a8   Data        4096  main.o(.bss)
    taskTable                                0x200010a8   Data         384  ttask.o(.bss)
    Delay_List                               0x20001228   Data          12  ttime.o(.bss)
    tTask1                                   0x20001234   Data          80  app.o(.bss)
    tTask2                                   0x20001284   Data          80  app.o(.bss)
    tTask3                                   0x200012d4   Data          80  app.o(.bss)
    tTask4                                   0x20001324   Data          80  app.o(.bss)
    task1Env                                 0x20001374   Data        4096  app.o(.bss)
    task2Env                                 0x20002374   Data        4096  app.o(.bss)
    task3Env                                 0x20003374   Data        4096  app.o(.bss)
    task4Env                                 0x20004374   Data        4096  app.o(.bss)
    __libspace_start                         0x2000640c   Data          96  libspace.o(.bss)
    __temporary_stack_top$libspace           0x2000646c   Data           0  libspace.o(.bss)



==============================================================================

Memory Map of the image

  Image Entry point : 0x000000c1

  Load Region LR_IROM1 (Base: 0x00000000, Size: 0x0000170c, Max: 0x00040000, ABSOLUTE)

    Execution Region ER_IROM1 (Exec base: 0x00000000, Load base: 0x00000000, Size: 0x000016b4, Max: 0x00040000, ABSOLUTE)

    Exec Addr    Load Addr    Size         Type   Attr      Idx    E Section Name        Object

    0x00000000   0x00000000   0x000000c0   Data   RO          935    RESET               startup_armcm3.o
    0x000000c0   0x000000c0   0x00000008   Code   RO          983  * !!!main             c_w.l(__main.o)
    0x000000c8   0x000000c8   0x00000034   Code   RO         1163    !!!scatter          c_w.l(__scatter.o)
    0x000000fc   0x000000fc   0x0000001a   Code   RO         1165    !!handler_copy      c_w.l(__scatter_copy.o)
    0x00000116   0x00000116   0x00000002   PAD
    0x00000118   0x00000118   0x0000001c   Code   RO         1167    !!handler_zi        c_w.l(__scatter_zi.o)
    0x00000134   0x00000134   0x00000002   Code   RO         1033    .ARM.Collect$$libinit$$00000000  c_w.l(libinit.o)
    0x00000136   0x00000136   0x00000000   Code   RO         1040    .ARM.Collect$$libinit$$00000002  c_w.l(libinit2.o)
    0x00000136   0x00000136   0x00000000   Code   RO         1042    .ARM.Collect$$libinit$$00000004  c_w.l(libinit2.o)
    0x00000136   0x00000136   0x00000000   Code   RO         1045    .ARM.Collect$$libinit$$0000000A  c_w.l(libinit2.o)
    0x00000136   0x00000136   0x00000000   Code   RO         1047    .ARM.Collect$$libinit$$0000000C  c_w.l(libinit2.o)
    0x00000136   0x00000136   0x00000000   Code   RO         1049    .ARM.Collect$$libinit$$0000000E  c_w.l(libinit2.o)
    0x00000136   0x00000136   0x00000000   Code   RO         1052    .ARM.Collect$$libinit$$00000011  c_w.l(libinit2.o)
    0x00000136   0x00000136   0x00000000   Code   RO         1054    .ARM.Collect$$libinit$$00000013  c_w.l(libinit2.o)
    0x00000136   0x00000136   0x00000000   Code   RO         1056    .ARM.Collect$$libinit$$00000015  c_w.l(libinit2.o)
    0x00000136   0x00000136   0x00000000   Code   RO         1058    .ARM.Collect$$libinit$$00000017  c_w.l(libinit2.o)
    0x00000136   0x00000136   0x00000000   Code   RO         1060    .ARM.Collect$$libinit$$00000019  c_w.l(libinit2.o)
    0x00000136   0x00000136   0x00000000   Code   RO         1062    .ARM.Collect$$libinit$$0000001B  c_w.l(libinit2.o)
    0x00000136   0x00000136   0x00000000   Code   RO         1064    .ARM.Collect$$libinit$$0000001D  c_w.l(libinit2.o)
    0x00000136   0x00000136   0x00000000   Code   RO         1066    .ARM.Collect$$libinit$$0000001F  c_w.l(libinit2.o)
    0x00000136   0x00000136   0x00000000   Code   RO         1068    .ARM.Collect$$libinit$$00000021  c_w.l(libinit2.o)
    0x00000136   0x00000136   0x00000000   Code   RO         1070    .ARM.Collect$$libinit$$00000023  c_w.l(libinit2.o)
    0x00000136   0x00000136   0x00000000   Code   RO         1072    .ARM.Collect$$libinit$$00000025  c_w.l(libinit2.o)
    0x00000136   0x00000136   0x00000000   Code   RO         1076    .ARM.Collect$$libinit$$0000002C  c_w.l(libinit2.o)
    0x00000136   0x00000136   0x00000000   Code   RO         1078    .ARM.Collect$$libinit$$0000002E  c_w.l(libinit2.o)
    0x00000136   0x00000136   0x00000000   Code   RO         1080    .ARM.Collect$$libinit$$00000030  c_w.l(libinit2.o)
    0x00000136   0x00000136   0x00000000   Code   RO         1082    .ARM.Collect$$libinit$$00000032  c_w.l(libinit2.o)
    0x00000136   0x00000136   0x00000002   Code   RO         1083    .ARM.Collect$$libinit$$00000033  c_w.l(libinit2.o)
    0x00000138   0x00000138   0x00000002   Code   RO         1103    .ARM.Collect$$libshutdown$$00000000  c_w.l(libshutdown.o)
    0x0000013a   0x0000013a   0x00000000   Code   RO         1116    .ARM.Collect$$libshutdown$$00000002  c_w.l(libshutdown2.o)
    0x0000013a   0x0000013a   0x00000000   Code   RO         1118    .ARM.Collect$$libshutdown$$00000004  c_w.l(libshutdown2.o)
    0x0000013a   0x0000013a   0x00000000   Code   RO         1121    .ARM.Collect$$libshutdown$$00000007  c_w.l(libshutdown2.o)
    0x0000013a   0x0000013a   0x00000000   Code   RO         1124    .ARM.Collect$$libshutdown$$0000000A  c_w.l(libshutdown2.o)
    0x0000013a   0x0000013a   0x00000000   Code   RO         1126    .ARM.Collect$$libshutdown$$0000000C  c_w.l(libshutdown2.o)
    0x0000013a   0x0000013a   0x00000000   Code   RO         1129    .ARM.Collect$$libshutdown$$0000000F  c_w.l(libshutdown2.o)
    0x0000013a   0x0000013a   0x00000002   Code   RO         1130    .ARM.Collect$$libshutdown$$00000010  c_w.l(libshutdown2.o)
    0x0000013c   0x0000013c   0x00000000   Code   RO         1003    .ARM.Collect$$rtentry$$00000000  c_w.l(__rtentry.o)
    0x0000013c   0x0000013c   0x00000000   Code   RO         1010    .ARM.Collect$$rtentry$$00000002  c_w.l(__rtentry2.o)
    0x0000013c   0x0000013c   0x00000006   Code   RO         1022    .ARM.Collect$$rtentry$$00000004  c_w.l(__rtentry4.o)
    0x00000142   0x00000142   0x00000000   Code   RO         1012    .ARM.Collect$$rtentry$$00000009  c_w.l(__rtentry2.o)
    0x00000142   0x00000142   0x00000004   Code   RO         1013    .ARM.Collect$$rtentry$$0000000A  c_w.l(__rtentry2.o)
    0x00000146   0x00000146   0x00000000   Code   RO         1015    .ARM.Collect$$rtentry$$0000000C  c_w.l(__rtentry2.o)
    0x00000146   0x00000146   0x00000008   Code   RO         1016    .ARM.Collect$$rtentry$$0000000D  c_w.l(__rtentry2.o)
    0x0000014e   0x0000014e   0x00000002   Code   RO         1037    .ARM.Collect$$rtexit$$00000000  c_w.l(rtexit.o)
    0x00000150   0x00000150   0x00000000   Code   RO         1085    .ARM.Collect$$rtexit$$00000002  c_w.l(rtexit2.o)
    0x00000150   0x00000150   0x00000004   Code   RO         1086    .ARM.Collect$$rtexit$$00000003  c_w.l(rtexit2.o)
    0x00000154   0x00000154   0x00000006   Code   RO         1087    .ARM.Collect$$rtexit$$00000004  c_w.l(rtexit2.o)
    0x0000015a   0x0000015a   0x00000002   PAD
    0x0000015c   0x0000015c   0x00000034   Code   RO           88    .emb_text           switch.o
    0x00000190   0x00000190   0x00000040   Code   RO          936    .text               startup_armcm3.o
    0x000001d0   0x000001d0   0x0000004e   Code   RO          979    .text               c_w.l(rt_memclr_w.o)
    0x0000021e   0x0000021e   0x00000006   Code   RO          981    .text               c_w.l(heapauxi.o)
    0x00000224   0x00000224   0x0000004a   Code   RO         1024    .text               c_w.l(sys_stackheap_outer.o)
    0x0000026e   0x0000026e   0x00000012   Code   RO         1026    .text               c_w.l(exit.o)
    0x00000280   0x00000280   0x00000008   Code   RO         1034    .text               c_w.l(libspace.o)
    0x00000288   0x00000288   0x0000000c   Code   RO         1095    .text               c_w.l(sys_exit.o)
    0x00000294   0x00000294   0x00000002   Code   RO         1106    .text               c_w.l(use_no_semi.o)
    0x00000296   0x00000296   0x00000000   Code   RO         1108    .text               c_w.l(indicate_semi.o)
    0x00000296   0x00000296   0x00000008   Code   RO          457    i.SysTick_Handler   tcpu.o
    0x0000029e   0x0000029e   0x00000002   PAD
    0x000002a0   0x000002a0   0x00000020   Code   RO          944    i.SystemInit        system_armcm3.o
    0x000002c0   0x000002c0   0x00000098   Code   RO          488    i.checkCpuUsage     app.o
    0x00000358   0x00000358   0x00000010   Code   RO          489    i.cpuUsageSyncWithSysTick  app.o
    0x00000368   0x00000368   0x0000000c   Code   RO          403    i.delay             ttime.o
    0x00000374   0x00000374   0x00000034   Code   RO          490    i.idleTask_handler  app.o
    0x000003a8   0x000003a8   0x00000030   Code   RO          491    i.initCpuUsageStat  app.o
    0x000003d8   0x000003d8   0x00000050   Code   RO            4    i.main              main.o
    0x00000428   0x00000428   0x0000000c   Code   RO          122    i.tBitmapClear      tbitmap.o
    0x00000434   0x00000434   0x00000030   Code   RO          123    i.tBitmapGetFirstSet  tbitmap.o
    0x00000464   0x00000464   0x00000006   Code   RO          124    i.tBitmapInit       tbitmap.o
    0x0000046a   0x0000046a   0x0000000c   Code   RO          126    i.tBitmapSet        tbitmap.o
    0x00000476   0x00000476   0x00000002   PAD
    0x00000478   0x00000478   0x00000020   Code   RO          492    i.tCpugetUsage      app.o
    0x00000498   0x00000498   0x00000010   Code   RO          604    i.tEventInit        tevent.o
    0x000004a8   0x000004a8   0x0000003c   Code   RO          606    i.tEventRemoveTask  tevent.o
    0x000004e4   0x000004e4   0x0000004c   Code   RO          607    i.tEventWait        tevent.o
    0x00000530   0x00000530   0x0000001e   Code   RO          608    i.tEventWaitCount   tevent.o
    0x0000054e   0x0000054e   0x00000002   PAD
    0x00000550   0x00000550   0x00000054   Code   RO          609    i.tEventWake        tevent.o
    0x000005a4   0x000005a4   0x000000a4   Code   RO          493    i.tInitApp          app.o
    0x00000648   0x00000648   0x00000018   Code   RO          160    i.tListAddLast      tlist.o
    0x00000660   0x00000660   0x00000006   Code   RO          161    i.tListCount        tlist.o
    0x00000666   0x00000666   0x0000000c   Code   RO          162    i.tListFirst        tlist.o
    0x00000672   0x00000672   0x0000000a   Code   RO          163    i.tListInit         tlist.o
    0x0000067c   0x0000067c   0x00000020   Code   RO          168    i.tListRemove       tlist.o
    0x0000069c   0x0000069c   0x0000001a   Code   RO          170    i.tListRemoveFirst  tlist.o
    0x000006b6   0x000006b6   0x00000006   Code   RO          172    i.tNodeInit         tlist.o
    0x000006bc   0x000006bc   0x00000028   Code   RO          648    i.tSemInit          tsem.o
    0x000006e4   0x000006e4   0x00000058   Code   RO          650    i.tSemNotify        tsem.o
    0x0000073c   0x0000073c   0x00000048   Code   RO          651    i.tSemWait          tsem.o
    0x00000784   0x00000784   0x0000002c   Code   RO          404    i.tTaskDelay        ttime.o
    0x000007b0   0x000007b0   0x00000010   Code   RO          405    i.tTaskDelayInit    ttime.o
    0x000007c0   0x000007c0   0x000000da   Code   RO          255    i.tTaskInit         ttask.o
    0x0000089a   0x0000089a   0x00000002   PAD
    0x0000089c   0x0000089c   0x0000001c   Code   RO           89    i.tTaskRunFirst     switch.o
    0x000008b8   0x000008b8   0x00000044   Code   RO          257    i.tTaskSched        ttask.o
    0x000008fc   0x000008fc   0x00000034   Code   RO          258    i.tTaskSchedInit    ttask.o
    0x00000930   0x00000930   0x0000003c   Code   RO          259    i.tTaskSchedRdy     ttask.o
    0x0000096c   0x0000096c   0x00000050   Code   RO          261    i.tTaskSchedUnRdy   ttask.o
    0x000009bc   0x000009bc   0x00000010   Code   RO           90    i.tTaskSwitch       switch.o
    0x000009cc   0x000009cc   0x00000084   Code   RO          265    i.tTaskSystemTickHandler  ttask.o
    0x00000a50   0x00000a50   0x0000000c   Code   RO          267    i.tTask_Enter_Critical  ttask.o
    0x00000a5c   0x00000a5c   0x0000000a   Code   RO          268    i.tTask_Exit_Critical  ttask.o
    0x00000a66   0x00000a66   0x00000002   PAD
    0x00000a68   0x00000a68   0x00000028   Code   RO          269    i.tTask_HighPrio_Ready  ttask.o
    0x00000a90   0x00000a90   0x00000028   Code   RO          270    i.tTask_Sched_Disable  ttask.o
    0x00000ab8   0x00000ab8   0x00000030   Code   RO          271    i.tTask_Sched_Enable  ttask.o
    0x00000ae8   0x00000ae8   0x00000058   Code   RO          458    i.tTask_Systick_config  tcpu.o
    0x00000b40   0x00000b40   0x00000040   Code   RO          406    i.tTimeKeep         ttime.o
    0x00000b80   0x00000b80   0x0000002c   Code   RO          408    i.tTimeTaskWait     ttime.o
    0x00000bac   0x00000bac   0x00000028   Code   RO          409    i.tTimeTaskWake     ttime.o
    0x00000bd4   0x00000bd4   0x00000048   Code   RO          867    i.tTimerCallFuncList  ttimer.o
    0x00000c1c   0x00000c1c   0x0000005c   Code   RO          872    i.tTimerModuleInit  ttimer.o
    0x00000c78   0x00000c78   0x00000024   Code   RO          873    i.tTimerModuleTickNotify  ttimer.o
    0x00000c9c   0x00000c9c   0x0000002c   Code   RO          874    i.tTimerSoftTask    ttimer.o
    0x00000cc8   0x00000cc8   0x0000002c   Code   RO          494    i.task1_handler     app.o
    0x00000cf4   0x00000cf4   0x00000020   Code   RO          495    i.task2_handler     app.o
    0x00000d14   0x00000d14   0x00000030   Code   RO          496    i.task3_handler     app.o
    0x00000d44   0x00000d44   0x00000030   Code   RO          497    i.task4_handler     app.o
    0x00000d74   0x00000d74   0x00000010   Code   RO          498    i.ticktop           app.o
    0x00000d84   0x00000d84   0x00000150   Code   RO          985    x$fpl$dadd          fz_ws.l(daddsub_clz.o)
    0x00000ed4   0x00000ed4   0x000002b0   Code   RO          992    x$fpl$ddiv          fz_ws.l(ddiv.o)
    0x00001184   0x00001184   0x00000026   Code   RO          995    x$fpl$dfltu         fz_ws.l(dflt_clz.o)
    0x000011aa   0x000011aa   0x00000002   PAD
    0x000011ac   0x000011ac   0x00000154   Code   RO         1001    x$fpl$dmul          fz_ws.l(dmul.o)
    0x00001300   0x00001300   0x0000009c   Code   RO         1004    x$fpl$dnaninf       fz_ws.l(dnaninf.o)
    0x0000139c   0x0000139c   0x0000000c   Code   RO         1006    x$fpl$dretinf       fz_ws.l(dretinf.o)
    0x000013a8   0x000013a8   0x00000016   Code   RO          986    x$fpl$drsb          fz_ws.l(daddsub_clz.o)
    0x000013be   0x000013be   0x00000002   PAD
    0x000013c0   0x000013c0   0x000001d4   Code   RO          987    x$fpl$dsub          fz_ws.l(daddsub_clz.o)
    0x00001594   0x00001594   0x00000000   Code   RO         1008    x$fpl$usenofp       fz_ws.l(usenofp.o)
    0x00001594   0x00001594   0x00000100   Data   RO          127    .constdata          tbitmap.o
    0x00001694   0x00001694   0x00000020   Data   RO         1161    Region$$Table       anon$$obj.o


    Execution Region RW_IRAM1 (Exec base: 0x20000000, Load base: 0x000016b4, Size: 0x00007470, Max: 0x00020000, ABSOLUTE)

    Exec Addr    Load Addr    Size         Type   Attr      Idx    E Section Name        Object

    0x20000000   0x000016b4   0x00000014   Data   RW          273    .data               ttask.o
    0x20000014   0x000016c8   0x00000004   PAD
    0x20000018   0x000016cc   0x0000003c   Data   RW          501    .data               app.o
    0x20000054   0x00001708   0x00000004   Data   RW          945    .data               system_armcm3.o
    0x20000058        -       0x00001050   Zero   RW            5    .bss                main.o
    0x200010a8        -       0x00000180   Zero   RW          272    .bss                ttask.o
    0x20001228        -       0x0000000c   Zero   RW          410    .bss                ttime.o
    0x20001234        -       0x00004140   Zero   RW          500    .bss                app.o
    0x20005374        -       0x00001098   Zero   RW          877    .bss                ttimer.o
    0x2000640c        -       0x00000060   Zero   RW         1035    .bss                c_w.l(libspace.o)
    0x2000646c   0x0000170c   0x00000004   PAD
    0x20006470        -       0x00000c00   Zero   RW          934    HEAP                startup_armcm3.o
    0x20007070        -       0x00000400   Zero   RW          933    STACK               startup_armcm3.o


==============================================================================

Image component sizes


      Code (inc. data)   RO Data    RW Data    ZI Data      Debug   Object Name

       652        134          0         60      16704       7662   app.o
        80         18          0          0       4176      11917   main.o
        64         26        192          0       4096        828   startup_armcm3.o
        96         20          0          0          0       4322   switch.o
        32         18          0          4          0        651   system_armcm3.o
        78          6        256          0          0       2255   tbitmap.o
        96         14          0          0          0      27588   tcpu.o
       266         12          0          0          0       3340   tevent.o
       116          0          0          0          0       3562   tlist.o
       200         10          0          0          0       2015   tsem.o
       760         74          0         20        384      10752   ttask.o
       220         24          0          0         12       3307   ttime.o
       244         50          0          0       4248       2468   ttimer.o

    ----------------------------------------------------------------------
      2914        406        480         88      29620      80667   Object Totals
         0          0         32          0          0          0   (incl. Generated)
        10          0          0          4          0          0   (incl. Padding)

    ----------------------------------------------------------------------

      Code (inc. data)   RO Data    RW Data    ZI Data      Debug   Library Member Name

         8          0          0          0          0         68   __main.o
         0          0          0          0          0          0   __rtentry.o
        12          0          0          0          0          0   __rtentry2.o
         6          0          0          0          0          0   __rtentry4.o
        52          8          0          0          0          0   __scatter.o
        26          0          0          0          0          0   __scatter_copy.o
        28          0          0          0          0          0   __scatter_zi.o
        18          0          0          0          0         80   exit.o
         6          0          0          0          0        152   heapauxi.o
         0          0          0          0          0          0   indicate_semi.o
         2          0          0          0          0          0   libinit.o
         2          0          0          0          0          0   libinit2.o
         2          0          0          0          0          0   libshutdown.o
         2          0          0          0          0          0   libshutdown2.o
         8          4          0          0         96         68   libspace.o
        78          0          0          0          0         80   rt_memclr_w.o
         2          0          0          0          0          0   rtexit.o
        10          0          0          0          0          0   rtexit2.o
        12          4          0          0          0         68   sys_exit.o
        74          0          0          0          0         80   sys_stackheap_outer.o
         2          0          0          0          0         68   use_no_semi.o
       826         16          0          0          0        348   daddsub_clz.o
       688        140          0          0          0        208   ddiv.o
        38          0          0          0          0         68   dflt_clz.o
       340         12          0          0          0        104   dmul.o
       156          4          0          0          0         92   dnaninf.o
        12          0          0          0          0         68   dretinf.o
         0          0          0          0          0          0   usenofp.o

    ----------------------------------------------------------------------
      2418        188          0          0        100       1552   Library Totals
         8          0          0          0          4          0   (incl. Padding)

    ----------------------------------------------------------------------

      Code (inc. data)   RO Data    RW Data    ZI Data      Debug   Library Name

       350         16          0          0         96        664   c_w.l
      2060        172          0          0          0        888   fz_ws.l

    ----------------------------------------------------------------------
      2418        188          0          0        100       1552   Library Totals

    ----------------------------------------------------------------------

==============================================================================


      Code (inc. data)   RO Data    RW Data    ZI Data      Debug   

      5332        594        480         88      29720      78783   Grand Totals
      5332        594        480         88      29720      78783   ELF Image Totals
      5332        594        480         88          0          0   ROM Totals

==============================================================================

    Total RO  Size (Code + RO Data)                 5812 (   5.68kB)
    Total RW  Size (RW Data + ZI Data)             29808 (  29.11kB)
    Total ROM Size (Code + RO Data + RW Data)       5900 (   5.76kB)

==============================================================================

